Component: ARM Compiler 6.16 Tool: armlink [5dfeaa00]

==============================================================================

Section Cross References

    main.o(.text.main) refers to lcdd.o(.text.LCD_init) for LCD_init
    main.o(.text.main) refers to uart.o(.text.UART0_Init) for UART0_Init
    main.o(.text.main) refers to adc.o(.text.ADC_Init) for ADC_Init
    main.o(.text.main) refers to gpio.o(.text.portF_Init) for portF_Init
    main.o(.text.main) refers to queue.o(.text.xQueueGenericCreate) for xQueueGenericCreate
    main.o(.text.main) refers to main.o(.bss.xUARTQueue) for xUARTQueue
    main.o(.text.main) refers to main.o(.bss.xLCDQueue) for xLCDQueue
    main.o(.text.main) refers to main.o(.bss.xBuzzQueue) for xBuzzQueue
    main.o(.text.main) refers to main.o(.text.Task1) for Task1
    main.o(.text.main) refers to main.o(.rodata.str1.1) for .L.str
    main.o(.text.main) refers to tasks.o(.text.xTaskCreate) for xTaskCreate
    main.o(.text.main) refers to main.o(.text.Task2) for Task2
    main.o(.text.main) refers to main.o(.text.Task3) for Task3
    main.o(.text.main) refers to main.o(.text.Task4) for Task4
    main.o(.text.main) refers to tasks.o(.text.vTaskStartScheduler) for vTaskStartScheduler
    main.o(.ARM.exidx.text.main) refers to main.o(.text.main) for [Anonymous Symbol]
    main.o(.text.Task1) refers to ledandbuzzer.o(.text.LED_ON) for LED_ON
    main.o(.text.Task1) refers to adc.o(.text.ADC_getValue) for ADC_getValue
    main.o(.text.Task1) refers to main.o(.bss.actual_temp) for actual_temp
    main.o(.text.Task1) refers to main.o(.data.setpoint) for setpoint
    main.o(.text.Task1) refers to ledandbuzzer.o(.text.LED_OFF) for LED_OFF
    main.o(.text.Task1) refers to main.o(.bss.xLCDQueue) for xLCDQueue
    main.o(.text.Task1) refers to queue.o(.text.xQueueGenericSend) for xQueueGenericSend
    main.o(.text.Task1) refers to main.o(.data.AlarmValue) for AlarmValue
    main.o(.text.Task1) refers to main.o(.bss.state) for state
    main.o(.text.Task1) refers to main.o(.bss.xBuzzQueue) for xBuzzQueue
    main.o(.ARM.exidx.text.Task1) refers to main.o(.text.Task1) for [Anonymous Symbol]
    main.o(.text.Task2) refers to uart.o(.text.UART0_getString) for UART0_getString
    main.o(.text.Task2) refers to main.o(.data.setpoint) for setpoint
    main.o(.text.Task2) refers to uart.o(.text.UART0_sendNum) for UART0_sendNum
    main.o(.text.Task2) refers to main.o(.rodata.str1.1) for .L.str.4
    main.o(.text.Task2) refers to uart.o(.text.UART0_sendState) for UART0_sendState
    main.o(.text.Task2) refers to main.o(.data.AlarmValue) for AlarmValue
    main.o(.ARM.exidx.text.Task2) refers to main.o(.text.Task2) for [Anonymous Symbol]
    main.o(.text.Task3) refers to lcdd.o(.text.LCD4bit_Cmd) for LCD4bit_Cmd
    main.o(.text.Task3) refers to main.o(.bss.xLCDQueue) for xLCDQueue
    main.o(.text.Task3) refers to queue.o(.text.xQueueReceive) for xQueueReceive
    main.o(.text.Task3) refers to lcdd.o(.text.LCD_moveCursor) for LCD_moveCursor
    main.o(.text.Task3) refers to lcdd.o(.text.int_to_number_print) for int_to_number_print
    main.o(.text.Task3) refers to tasks.o(.text.vTaskDelay) for vTaskDelay
    main.o(.ARM.exidx.text.Task3) refers to main.o(.text.Task3) for [Anonymous Symbol]
    main.o(.text.Task4) refers to main.o(.bss.xBuzzQueue) for xBuzzQueue
    main.o(.text.Task4) refers to queue.o(.text.xQueueReceive) for xQueueReceive
    main.o(.text.Task4) refers to ledandbuzzer.o(.text.Buzzer_ON) for Buzzer_ON
    main.o(.text.Task4) refers to ledandbuzzer.o(.text.Buzzer_OFF) for Buzzer_OFF
    main.o(.ARM.exidx.text.Task4) refers to main.o(.text.Task4) for [Anonymous Symbol]
    lcdd.o(.text.LCD_init) refers to lcdd.o(.text.LCD4bit_Cmd) for LCD4bit_Cmd
    lcdd.o(.ARM.exidx.text.LCD_init) refers to lcdd.o(.text.LCD_init) for [Anonymous Symbol]
    lcdd.o(.text.LCD4bit_Cmd) refers to lcdd.o(.text.delay_micro) for delay_micro
    lcdd.o(.text.LCD4bit_Cmd) refers to lcdd.o(.text.delay_milli) for delay_milli
    lcdd.o(.ARM.exidx.text.LCD4bit_Cmd) refers to lcdd.o(.text.LCD4bit_Cmd) for [Anonymous Symbol]
    lcdd.o(.text.LCD4bit_Data) refers to lcdd.o(.text.delay_micro) for delay_micro
    lcdd.o(.ARM.exidx.text.LCD4bit_Data) refers to lcdd.o(.text.LCD4bit_Data) for [Anonymous Symbol]
    lcdd.o(.ARM.exidx.text.delay_micro) refers to lcdd.o(.text.delay_micro) for [Anonymous Symbol]
    lcdd.o(.text.LCD4bit_String) refers to lcdd.o(.text.LCD4bit_Data) for LCD4bit_Data
    lcdd.o(.ARM.exidx.text.LCD4bit_String) refers to lcdd.o(.text.LCD4bit_String) for [Anonymous Symbol]
    lcdd.o(.ARM.exidx.text.delay_milli) refers to lcdd.o(.text.delay_milli) for [Anonymous Symbol]
    lcdd.o(.text.int_to_number_print) refers to lcdd.o(.text.LCD4bit_Data) for LCD4bit_Data
    lcdd.o(.ARM.exidx.text.int_to_number_print) refers to lcdd.o(.text.int_to_number_print) for [Anonymous Symbol]
    lcdd.o(.text.LCD_moveCursor) refers to lcdd.o(.text.LCD4bit_Cmd) for LCD4bit_Cmd
[...]
    !!handler_copy                           0x000002a8   Section       26  __scatter_copy.o(!!handler_copy)
    !!handler_zi                             0x000002c4   Section       28  __scatter_zi.o(!!handler_zi)
    .ARM.Collect$$libinit$$00000000          0x000002e0   Section        2  libinit.o(.ARM.Collect$$libinit$$00000000)
    .ARM.Collect$$libinit$$00000001          0x000002e2   Section        4  libinit2.o(.ARM.Collect$$libinit$$00000001)
    .ARM.Collect$$libinit$$00000004          0x000002e6   Section        0  libinit2.o(.ARM.Collect$$libinit$$00000004)
    .ARM.Collect$$libinit$$0000000A          0x000002e6   Section        0  libinit2.o(.ARM.Collect$$libinit$$0000000A)
    .ARM.Collect$$libinit$$0000000C          0x000002e6   Section        0  libinit2.o(.ARM.Collect$$libinit$$0000000C)
    .ARM.Collect$$libinit$$0000000E          0x000002e6   Section        0  libinit2.o(.ARM.Collect$$libinit$$0000000E)
    .ARM.Collect$$libinit$$00000011          0x000002e6   Section        0  libinit2.o(.ARM.Collect$$libinit$$00000011)
    .ARM.Collect$$libinit$$00000013          0x000002e6   Section        0  libinit2.o(.ARM.Collect$$libinit$$00000013)
    .ARM.Collect$$libinit$$00000015          0x000002e6   Section        0  libinit2.o(.ARM.Collect$$libinit$$00000015)
    .ARM.Collect$$libinit$$00000017          0x000002e6   Section        0  libinit2.o(.ARM.Collect$$libinit$$00000017)
    .ARM.Collect$$libinit$$00000019          0x000002e6   Section        0  libinit2.o(.ARM.Collect$$libinit$$00000019)
    .ARM.Collect$$libinit$$0000001B          0x000002e6   Section        0  libinit2.o(.ARM.Collect$$libinit$$0000001B)
    .ARM.Collect$$libinit$$0000001D          0x000002e6   Section        0  libinit2.o(.ARM.Collect$$libinit$$0000001D)
    .ARM.Collect$$libinit$$0000001F          0x000002e6   Section        0  libinit2.o(.ARM.Collect$$libinit$$0000001F)
    .ARM.Collect$$libinit$$00000021          0x000002e6   Section        0  libinit2.o(.ARM.Collect$$libinit$$00000021)
    .ARM.Collect$$libinit$$00000023          0x000002e6   Section        0  libinit2.o(.ARM.Collect$$libinit$$00000023)
    .ARM.Collect$$libinit$$00000025          0x000002e6   Section        0  libinit2.o(.ARM.Collect$$libinit$$00000025)
    .ARM.Collect$$libinit$$0000002C          0x000002e6   Section        0  libinit2.o(.ARM.Collect$$libinit$$0000002C)
    .ARM.Collect$$libinit$$0000002E          0x000002e6   Section        0  libinit2.o(.ARM.Collect$$libinit$$0000002E)
    .ARM.Collect$$libinit$$00000030          0x000002e6   Section        0  libinit2.o(.ARM.Collect$$libinit$$00000030)
    .ARM.Collect$$libinit$$00000032          0x000002e6   Section        0  libinit2.o(.ARM.Collect$$libinit$$00000032)
    .ARM.Collect$$libinit$$00000033          0x000002e6   Section        2  libinit2.o(.ARM.Collect$$libinit$$00000033)
    .ARM.Collect$$libshutdown$$00000000      0x000002e8   Section        2  libshutdown.o(.ARM.Collect$$libshutdown$$00000000)
    .ARM.Collect$$libshutdown$$00000002      0x000002ea   Section        0  libshutdown2.o(.ARM.Collect$$libshutdown$$00000002)
    .ARM.Collect$$libshutdown$$00000004      0x000002ea   Section        0  libshutdown2.o(.ARM.Collect$$libshutdown$$00000004)
    .ARM.Collect$$libshutdown$$00000007      0x000002ea   Section        0  libshutdown2.o(.ARM.Collect$$libshutdown$$00000007)
    .ARM.Collect$$libshutdown$$0000000A      0x000002ea   Section        0  libshutdown2.o(.ARM.Collect$$libshutdown$$0000000A)
    .ARM.Collect$$libshutdown$$0000000C      0x000002ea   Section        0  libshutdown2.o(.ARM.Collect$$libshutdown$$0000000C)
    .ARM.Collect$$libshutdown$$0000000F      0x000002ea   Section        0  libshutdown2.o(.ARM.Collect$$libshutdown$$0000000F)
    .ARM.Collect$$libshutdown$$00000010      0x000002ea   Section        2  libshutdown2.o(.ARM.Collect$$libshutdown$$00000010)
    .ARM.Collect$$rtentry$$00000000          0x000002ec   Section        0  __rtentry.o(.ARM.Collect$$rtentry$$00000000)
    .ARM.Collect$$rtentry$$00000002          0x000002ec   Section        0  __rtentry2.o(.ARM.Collect$$rtentry$$00000002)
    .ARM.Collect$$rtentry$$00000004          0x000002ec   Section        6  __rtentry4.o(.ARM.Collect$$rtentry$$00000004)
    .ARM.Collect$$rtentry$$00000009          0x000002f2   Section        0  __rtentry2.o(.ARM.Collect$$rtentry$$00000009)
    .ARM.Collect$$rtentry$$0000000A          0x000002f2   Section        4  __rtentry2.o(.ARM.Collect$$rtentry$$0000000A)
    .ARM.Collect$$rtentry$$0000000C          0x000002f6   Section        0  __rtentry2.o(.ARM.Collect$$rtentry$$0000000C)
    .ARM.Collect$$rtentry$$0000000D          0x000002f6   Section        8  __rtentry2.o(.ARM.Collect$$rtentry$$0000000D)
    .ARM.Collect$$rtexit$$00000000           0x000002fe   Section        2  rtexit.o(.ARM.Collect$$rtexit$$00000000)
    .ARM.Collect$$rtexit$$00000002           0x00000300   Section        0  rtexit2.o(.ARM.Collect$$rtexit$$00000002)
    .ARM.Collect$$rtexit$$00000003           0x00000300   Section        4  rtexit2.o(.ARM.Collect$$rtexit$$00000003)
    .ARM.Collect$$rtexit$$00000004           0x00000304   Section        6  rtexit2.o(.ARM.Collect$$rtexit$$00000004)
    $v0                                      0x0000030c   Number         0  startup_tm4c123.o(.text)
    .text                                    0x0000030c   Section      276  startup_tm4c123.o(.text)
    .text                                    0x00000420   Section      138  rt_memcpy_v6.o(.text)
    .text                                    0x000004aa   Section       16  aeabi_memset4.o(.text)
    .text                                    0x000004ba   Section        0  heapauxi.o(.text)
    .text                                    0x000004c0   Section      100  rt_memcpy_w.o(.text)
    .text                                    0x00000524   Section       78  rt_memclr_w.o(.text)
    .text                                    0x00000572   Section       74  sys_stackheap_outer.o(.text)
    .text                                    0x000005bc   Section        0  exit.o(.text)
    .text                                    0x000005d0   Section        8  libspace.o(.text)
    .text                                    0x000005d8   Section        0  sys_exit.o(.text)
    .text                                    0x000005e4   Section        2  use_no_semi.o(.text)
    .text                                    0x000005e6   Section        0  indicate_semi.o(.text)
    [Anonymous Symbol]                       0x000005e8   Section        0  adc.o(.text.ADC_Init)
    [Anonymous Symbol]                       0x00000680   Section        0  adc.o(.text.ADC_getValue)
    [Anonymous Symbol]                       0x00000718   Section        0  ledandbuzzer.o(.text.Buzzer_OFF)
    [Anonymous Symbol]                       0x0000072c   Section        0  ledandbuzzer.o(.text.Buzzer_ON)
    [Anonymous Symbol]                       0x00000740   Section        0  lcdd.o(.text.LCD4bit_Cmd)
    [Anonymous Symbol]                       0x000007d8   Section        0  lcdd.o(.text.LCD4bit_Data)
    [Anonymous Symbol]                       0x00000860   Section        0  lcdd.o(.text.LCD_init)
    [Anonymous Symbol]                       0x000008dc   Section        0  lcdd.o(.text.LCD_moveCursor)
    [Anonymous Symbol]                       0x0000093c   Section        0  ledandbuzzer.o(.text.LED_OFF)
    [Anonymous Symbol]                       0x00000950   Section        0  ledandbuzzer.o(.text.LED_ON)
    [Anonymous Symbol]                       0x00000970   Section        0  port.o(.text.PendSV_Handler)
    pxCurrentTCBConst                        0x000009d0   Number         0  port.o(.text.PendSV_Handler)
    [Anonymous Symbol]                       0x000009e0   Section        0  port.o(.text.SVC_Handler)
    pxCurrentTCBConst2                       0x00000a00   Number         0  port.o(.text.SVC_Handler)
    [Anonymous Symbol]                       0x00000a04   Section        0  port.o(.text.SysTick_Handler)
    [Anonymous Symbol]                       0x00000a40   Section        0  system_tm4c123.o(.text.SystemInit)
    Task1                                    0x00000b4d   Thumb Code   198  main.o(.text.Task1)
    [Anonymous Symbol]                       0x00000b4c   Section        0  main.o(.text.Task1)
    Task2                                    0x00000c15   Thumb Code    84  main.o(.text.Task2)
    [Anonymous Symbol]                       0x00000c14   Section        0  main.o(.text.Task2)
    Task3                                    0x00000c69   Thumb Code    84  main.o(.text.Task3)
    [Anonymous Symbol]                       0x00000c68   Section        0  main.o(.text.Task3)
    Task4                                    0x00000cbd   Thumb Code    80  main.o(.text.Task4)
    [Anonymous Symbol]                       0x00000cbc   Section        0  main.o(.text.Task4)
    [Anonymous Symbol]                       0x00000d0c   Section        0  uart.o(.text.UART0_Init)
    [Anonymous Symbol]                       0x00000e04   Section        0  uart.o(.text.UART0_getChar)
    [Anonymous Symbol]                       0x00000e34   Section        0  uart.o(.text.UART0_getString)
    [Anonymous Symbol]                       0x00000e7c   Section        0  uart.o(.text.UART0_sendChar)
    [Anonymous Symbol]                       0x00000eac   Section        0  uart.o(.text.UART0_sendNum)
    [Anonymous Symbol]                       0x00000f54   Section        0  uart.o(.text.UART0_sendState)
    [Anonymous Symbol]                       0x00000f78   Section        0  lcdd.o(.text.delay_micro)
    [Anonymous Symbol]                       0x00000fb4   Section        0  lcdd.o(.text.delay_milli)
    [Anonymous Symbol]                       0x00000ff4   Section        0  tasks.o(.text.eTaskConfirmSleepModeStatus)
    [Anonymous Symbol]                       0x00001074   Section        0  lcdd.o(.text.int_to_number_print)
    [Anonymous Symbol]                       0x00001120   Section        0  main.o(.text.main)
    [Anonymous Symbol]                       0x00001208   Section        0  gpio.o(.text.portF_Init)
    prvAddCurrentTaskToDelayedList           0x0000123d   Thumb Code   290  tasks.o(.text.prvAddCurrentTaskToDelayedList)
    [Anonymous Symbol]                       0x0000123c   Section        0  tasks.o(.text.prvAddCurrentTaskToDelayedList)
    prvAddNewTaskToReadyList                 0x00001361   Thumb Code   340  tasks.o(.text.prvAddNewTaskToReadyList)
    [Anonymous Symbol]                       0x00001360   Section        0  tasks.o(.text.prvAddNewTaskToReadyList)
    prvCheckForValidListAndQueue             0x000014b5   Thumb Code   106  timers.o(.text.prvCheckForValidListAndQueue)
    [Anonymous Symbol]                       0x000014b4   Section        0  timers.o(.text.prvCheckForValidListAndQueue)
    prvCheckTasksWaitingTermination          0x00001521   Thumb Code    90  tasks.o(.text.prvCheckTasksWaitingTermination)
    [Anonymous Symbol]                       0x00001520   Section        0  tasks.o(.text.prvCheckTasksWaitingTermination)
    prvCopyDataFromQueue                     0x0000157d   Thumb Code    66  queue.o(.text.prvCopyDataFromQueue)
    [Anonymous Symbol]                       0x0000157c   Section        0  queue.o(.text.prvCopyDataFromQueue)
    prvCopyDataToQueue                       0x000015c1   Thumb Code   204  queue.o(.text.prvCopyDataToQueue)
    [Anonymous Symbol]                       0x000015c0   Section        0  queue.o(.text.prvCopyDataToQueue)
    prvDeleteTCB                             0x0000168d   Thumb Code    24  tasks.o(.text.prvDeleteTCB)
    [Anonymous Symbol]                       0x0000168c   Section        0  tasks.o(.text.prvDeleteTCB)
    prvGetExpectedIdleTime                   0x000016a5   Thumb Code   124  tasks.o(.text.prvGetExpectedIdleTime)
    [Anonymous Symbol]                       0x000016a4   Section        0  tasks.o(.text.prvGetExpectedIdleTime)
    prvGetNextExpireTime                     0x00001721   Thumb Code    64  timers.o(.text.prvGetNextExpireTime)
    [Anonymous Symbol]                       0x00001720   Section        0  timers.o(.text.prvGetNextExpireTime)
    prvIdleTask                              0x00001761   Thumb Code   154  tasks.o(.text.prvIdleTask)
    [Anonymous Symbol]                       0x00001760   Section        0  tasks.o(.text.prvIdleTask)
    prvInitialiseNewQueue                    0x000017fd   Thumb Code    78  queue.o(.text.prvInitialiseNewQueue)
    [Anonymous Symbol]                       0x000017fc   Section        0  queue.o(.text.prvInitialiseNewQueue)
    prvInitialiseNewTask                     0x0000184d   Thumb Code   326  tasks.o(.text.prvInitialiseNewTask)
    [Anonymous Symbol]                       0x0000184c   Section        0  tasks.o(.text.prvInitialiseNewTask)
    prvInitialiseTaskLists                   0x00001995   Thumb Code   142  tasks.o(.text.prvInitialiseTaskLists)
    [Anonymous Symbol]                       0x00001994   Section        0  tasks.o(.text.prvInitialiseTaskLists)
    prvInsertTimerInActiveList               0x00001a25   Thumb Code   134  timers.o(.text.prvInsertTimerInActiveList)
    [Anonymous Symbol]                       0x00001a24   Section        0  timers.o(.text.prvInsertTimerInActiveList)
    prvIsQueueEmpty                          0x00001aad   Thumb Code    40  queue.o(.text.prvIsQueueEmpty)
    [Anonymous Symbol]                       0x00001aac   Section        0  queue.o(.text.prvIsQueueEmpty)
    prvIsQueueFull                           0x00001ad5   Thumb Code    46  queue.o(.text.prvIsQueueFull)
    [Anonymous Symbol]                       0x00001ad4   Section        0  queue.o(.text.prvIsQueueFull)
    prvNotifyQueueSetContainer               0x00001b05   Thumb Code   216  queue.o(.text.prvNotifyQueueSetContainer)
    [Anonymous Symbol]                       0x00001b04   Section        0  queue.o(.text.prvNotifyQueueSetContainer)
    prvPortStartFirstTask                    0x00001bdd   Thumb Code    40  port.o(.text.prvPortStartFirstTask)
    [Anonymous Symbol]                       0x00001bdc   Section        0  port.o(.text.prvPortStartFirstTask)
    prvProcessExpiredTimer                   0x00001c05   Thumb Code    84  timers.o(.text.prvProcessExpiredTimer)
    [Anonymous Symbol]                       0x00001c04   Section        0  timers.o(.text.prvProcessExpiredTimer)
    prvProcessReceivedCommands               0x00001c59   Thumb Code   384  timers.o(.text.prvProcessReceivedCommands)
    [Anonymous Symbol]                       0x00001c58   Section        0  timers.o(.text.prvProcessReceivedCommands)
    prvProcessTimerOrBlockTask               0x00001dd9   Thumb Code   154  timers.o(.text.prvProcessTimerOrBlockTask)
    [Anonymous Symbol]                       0x00001dd8   Section        0  timers.o(.text.prvProcessTimerOrBlockTask)
    prvReloadTimer                           0x00001e75   Thumb Code    52  timers.o(.text.prvReloadTimer)
    [Anonymous Symbol]                       0x00001e74   Section        0  timers.o(.text.prvReloadTimer)
    prvResetNextTaskUnblockTime              0x00001ea9   Thumb Code    60  tasks.o(.text.prvResetNextTaskUnblockTime)
    [Anonymous Symbol]                       0x00001ea8   Section        0  tasks.o(.text.prvResetNextTaskUnblockTime)
    prvSampleTimeNow                         0x00001ee5   Thumb Code    68  timers.o(.text.prvSampleTimeNow)
    [Anonymous Symbol]                       0x00001ee4   Section        0  timers.o(.text.prvSampleTimeNow)
    prvSwitchTimerLists                      0x00001f29   Thumb Code    82  timers.o(.text.prvSwitchTimerLists)
    [Anonymous Symbol]                       0x00001f28   Section        0  timers.o(.text.prvSwitchTimerLists)
    prvTaskExitError                         0x00001f7d   Thumb Code    76  port.o(.text.prvTaskExitError)
    [Anonymous Symbol]                       0x00001f7c   Section        0  port.o(.text.prvTaskExitError)
    prvTimerTask                             0x00001fc9   Thumb Code    30  timers.o(.text.prvTimerTask)
    [Anonymous Symbol]                       0x00001fc8   Section        0  timers.o(.text.prvTimerTask)
    prvUnlockQueue                           0x00001fe9   Thumb Code   204  queue.o(.text.prvUnlockQueue)
    [Anonymous Symbol]                       0x00001fe8   Section        0  queue.o(.text.prvUnlockQueue)
    [Anonymous Symbol]                       0x000020b4   Section        0  heap_1.o(.text.pvPortMalloc)
    [Anonymous Symbol]                       0x00002174   Section        0  port.o(.text.pxPortInitialiseStack)
    [Anonymous Symbol]                       0x000021d4   Section        0  list.o(.text.uxListRemove)
    [Anonymous Symbol]                       0x0000221c   Section        0  list.o(.text.vListInitialise)
    [Anonymous Symbol]                       0x0000224c   Section        0  list.o(.text.vListInitialiseItem)
    [Anonymous Symbol]                       0x0000225c   Section        0  list.o(.text.vListInsert)
    vPortEnableVFP                           0x000022c9   Thumb Code    20  port.o(.text.vPortEnableVFP)
    [Anonymous Symbol]                       0x000022c8   Section        0  port.o(.text.vPortEnableVFP)
    [Anonymous Symbol]                       0x000022dc   Section        0  port.o(.text.vPortEnterCritical)
    [Anonymous Symbol]                       0x00002334   Section        0  port.o(.text.vPortExitCritical)
    [Anonymous Symbol]                       0x00002380   Section        0  heap_1.o(.text.vPortFree)
    [Anonymous Symbol]                       0x000023a4   Section        0  port.o(.text.vPortSetupTimerInterrupt)
    [Anonymous Symbol]                       0x0000241c   Section        0  port.o(.text.vPortSuppressTicksAndSleep)
    [Anonymous Symbol]                       0x00002628   Section        0  queue.o(.text.vQueueWaitForMessageRestricted)
    [Anonymous Symbol]                       0x0000268c   Section        0  tasks.o(.text.vTaskDelay)
    [Anonymous Symbol]                       0x000026fc   Section        0  tasks.o(.text.vTaskInternalSetTimeOutState)
    [Anonymous Symbol]                       0x00002720   Section        0  tasks.o(.text.vTaskMissedYield)
    [Anonymous Symbol]                       0x00002730   Section        0  tasks.o(.text.vTaskPlaceOnEventList)
    [Anonymous Symbol]                       0x00002774   Section        0  tasks.o(.text.vTaskPlaceOnEventListRestricted)
    [Anonymous Symbol]                       0x000027f0   Section        0  tasks.o(.text.vTaskStartScheduler)
    [Anonymous Symbol]                       0x000028ac   Section        0  tasks.o(.text.vTaskStepTick)
    [Anonymous Symbol]                       0x000028f8   Section        0  tasks.o(.text.vTaskSuspendAll)
    __tagsym$$used.0                         0x00002908   Number         0  tasks.o(.text.vTaskSwitchContext)
    [Anonymous Symbol]                       0x00002908   Section        0  tasks.o(.text.vTaskSwitchContext)
    [Anonymous Symbol]                       0x000029c8   Section        0  port.o(.text.xPortStartScheduler)
    [Anonymous Symbol]                       0x00002b20   Section        0  queue.o(.text.xQueueGenericCreate)
    [Anonymous Symbol]                       0x00002bbc   Section        0  queue.o(.text.xQueueGenericReset)
    [Anonymous Symbol]                       0x00002cc4   Section        0  queue.o(.text.xQueueGenericSend)
    [Anonymous Symbol]                       0x00002f38   Section        0  queue.o(.text.xQueueReceive)
    [Anonymous Symbol]                       0x00003114   Section        0  tasks.o(.text.xTaskCheckForTimeOut)
    [Anonymous Symbol]                       0x00003210   Section        0  tasks.o(.text.xTaskCreate)
    [Anonymous Symbol]                       0x000032a8   Section        0  tasks.o(.text.xTaskGetSchedulerState)
    [Anonymous Symbol]                       0x000032e0   Section        0  tasks.o(.text.xTaskGetTickCount)
    [Anonymous Symbol]                       0x000032f4   Section        0  tasks.o(.text.xTaskIncrementTick)
    [Anonymous Symbol]                       0x00003554   Section        0  tasks.o(.text.xTaskPriorityDisinherit)
    [Anonymous Symbol]                       0x0000368c   Section        0  tasks.o(.text.xTaskRemoveFromEventList)
    [Anonymous Symbol]                       0x00003820   Section        0  tasks.o(.text.xTaskResumeAll)
    [Anonymous Symbol]                       0x00003a44   Section        0  timers.o(.text.xTimerCreateTimerTask)
    $v0                                      0x00003ab0   Number         0  dfix.o(x$fpl$dfix)
    x$fpl$dfix                               0x00003ab0   Section       94  dfix.o(x$fpl$dfix)
    $v0                                      0x00003b0e   Number         0  dflt_clz.o(x$fpl$dflt)
    x$fpl$dflt                               0x00003b0e   Section       46  dflt_clz.o(x$fpl$dflt)
    $v0                                      0x00003b3c   Number         0  dmul.o(x$fpl$dmul)
    x$fpl$dmul                               0x00003b3c   Section      340  dmul.o(x$fpl$dmul)
    $v0                                      0x00003c90   Number         0  dnaninf.o(x$fpl$dnaninf)
    x$fpl$dnaninf                            0x00003c90   Section      156  dnaninf.o(x$fpl$dnaninf)
    $v0                                      0x00003d2c   Number         0  dretinf.o(x$fpl$dretinf)
    x$fpl$dretinf                            0x00003d2c   Section       12  dretinf.o(x$fpl$dretinf)
    $v0                                      0x00003d38   Number         0  fpinit.o(x$fpl$fpinit)
    x$fpl$fpinit                             0x00003d38   Section       26  fpinit.o(x$fpl$fpinit)
    .L.str.4                                 0x00003d52   Data          19  main.o(.rodata.str1.1)
    [Anonymous Symbol]                       0x00003d52   Section        0  main.o(.rodata.str1.1)
    x$fpl$usenofp                            0x00003d52   Section        0  usenofp.o(x$fpl$usenofp)
    .L.str.2                                 0x00003d65   Data          16  main.o(.rodata.str1.1)
    .L.str                                   0x00003d75   Data          16  main.o(.rodata.str1.1)
    .L.str.1                                 0x00003d85   Data          16  main.o(.rodata.str1.1)
    .L.str.3                                 0x00003d95   Data          16  main.o(.rodata.str1.1)
    .L.str                                   0x00003da5   Data           5  tasks.o(.rodata.str1.1)
    [Anonymous Symbol]                       0x00003da5   Section        0  tasks.o(.rodata.str1.1)
    .L.str                                   0x00003daa   Data           8  timers.o(.rodata.str1.1)
    [Anonymous Symbol]                       0x00003daa   Section        0  timers.o(.rodata.str1.1)
    uxCriticalNesting                        0x2000000c   Data           4  port.o(.data.uxCriticalNesting)
    [Anonymous Symbol]                       0x2000000c   Section        0  port.o(.data.uxCriticalNesting)
    .bss                                     0x20000010   Section       96  libspace.o(.bss)
    prvSampleTimeNow.xLastTime               0x20000074   Data           4  timers.o(.bss.prvSampleTimeNow.xLastTime)
    [Anonymous Symbol]                       0x20000074   Section        0  timers.o(.bss.prvSampleTimeNow.xLastTime)
    pvPortMalloc.pucAlignedHeap              0x20000078   Data           4  heap_1.o(.bss.pvPortMalloc.pucAlignedHeap)
    [Anonymous Symbol]                       0x20000078   Section        0  heap_1.o(.bss.pvPortMalloc.pucAlignedHeap)
    pxCurrentTimerList                       0x20000080   Data           4  timers.o(.bss.pxCurrentTimerList)
    [Anonymous Symbol]                       0x20000080   Section        0  timers.o(.bss.pxCurrentTimerList)
    pxDelayedTaskList                        0x20000084   Data           4  tasks.o(.bss.pxDelayedTaskList)
    [Anonymous Symbol]                       0x20000084   Section        0  tasks.o(.bss.pxDelayedTaskList)
    pxOverflowDelayedTaskList                0x20000088   Data           4  tasks.o(.bss.pxOverflowDelayedTaskList)
    [Anonymous Symbol]                       0x20000088   Section        0  tasks.o(.bss.pxOverflowDelayedTaskList)
    pxOverflowTimerList                      0x2000008c   Data           4  timers.o(.bss.pxOverflowTimerList)
    [Anonymous Symbol]                       0x2000008c   Section        0  timers.o(.bss.pxOverflowTimerList)
    pxReadyTasksLists                        0x20000090   Data         100  tasks.o(.bss.pxReadyTasksLists)
    [Anonymous Symbol]                       0x20000090   Section        0  tasks.o(.bss.pxReadyTasksLists)
    ucHeap                                   0x200000f5   Data        8192  heap_1.o(.bss.ucHeap)
    [Anonymous Symbol]                       0x200000f5   Section        0  heap_1.o(.bss.ucHeap)
    ucMaxSysCallPriority                     0x200020f5   Data           1  port.o(.bss.ucMaxSysCallPriority)
    [Anonymous Symbol]                       0x200020f5   Section        0  port.o(.bss.ucMaxSysCallPriority)
    ulMaxPRIGROUPValue                       0x200020f8   Data           4  port.o(.bss.ulMaxPRIGROUPValue)
    [Anonymous Symbol]                       0x200020f8   Section        0  port.o(.bss.ulMaxPRIGROUPValue)
    ulStoppedTimerCompensation               0x200020fc   Data           4  port.o(.bss.ulStoppedTimerCompensation)
    [Anonymous Symbol]                       0x200020fc   Section        0  port.o(.bss.ulStoppedTimerCompensation)
    ulTimerCountsForOneTick                  0x20002100   Data           4  port.o(.bss.ulTimerCountsForOneTick)
    [Anonymous Symbol]                       0x20002100   Section        0  port.o(.bss.ulTimerCountsForOneTick)
    uxCurrentNumberOfTasks                   0x20002104   Data           4  tasks.o(.bss.uxCurrentNumberOfTasks)
    [Anonymous Symbol]                       0x20002104   Section        0  tasks.o(.bss.uxCurrentNumberOfTasks)
    uxDeletedTasksWaitingCleanUp             0x20002108   Data           4  tasks.o(.bss.uxDeletedTasksWaitingCleanUp)
    [Anonymous Symbol]                       0x20002108   Section        0  tasks.o(.bss.uxDeletedTasksWaitingCleanUp)
    uxSchedulerSuspended                     0x2000210c   Data           4  tasks.o(.bss.uxSchedulerSuspended)
    [Anonymous Symbol]                       0x2000210c   Section        0  tasks.o(.bss.uxSchedulerSuspended)
    uxTaskNumber                             0x20002110   Data           4  tasks.o(.bss.uxTaskNumber)
    [Anonymous Symbol]                       0x20002110   Section        0  tasks.o(.bss.uxTaskNumber)
    uxTopReadyPriority                       0x20002114   Data           4  tasks.o(.bss.uxTopReadyPriority)
    [Anonymous Symbol]                       0x20002114   Section        0  tasks.o(.bss.uxTopReadyPriority)
    xActiveTimerList1                        0x20002118   Data          20  timers.o(.bss.xActiveTimerList1)
    [Anonymous Symbol]                       0x20002118   Section        0  timers.o(.bss.xActiveTimerList1)
    xActiveTimerList2                        0x2000212c   Data          20  timers.o(.bss.xActiveTimerList2)
    [Anonymous Symbol]                       0x2000212c   Section        0  timers.o(.bss.xActiveTimerList2)
    xDelayedTaskList1                        0x20002144   Data          20  tasks.o(.bss.xDelayedTaskList1)
    [Anonymous Symbol]                       0x20002144   Section        0  tasks.o(.bss.xDelayedTaskList1)
    xDelayedTaskList2                        0x20002158   Data          20  tasks.o(.bss.xDelayedTaskList2)
    [Anonymous Symbol]                       0x20002158   Section        0  tasks.o(.bss.xDelayedTaskList2)
    xIdleTaskHandle                          0x2000216c   Data           4  tasks.o(.bss.xIdleTaskHandle)
    [Anonymous Symbol]                       0x2000216c   Section        0  tasks.o(.bss.xIdleTaskHandle)
    xMaximumPossibleSuppressedTicks          0x20002174   Data           4  port.o(.bss.xMaximumPossibleSuppressedTicks)
    [Anonymous Symbol]                       0x20002174   Section        0  port.o(.bss.xMaximumPossibleSuppressedTicks)
    xNextFreeByte                            0x20002178   Data           4  heap_1.o(.bss.xNextFreeByte)
    [Anonymous Symbol]                       0x20002178   Section        0  heap_1.o(.bss.xNextFreeByte)
    xNextTaskUnblockTime                     0x2000217c   Data           4  tasks.o(.bss.xNextTaskUnblockTime)
    [Anonymous Symbol]                       0x2000217c   Section        0  tasks.o(.bss.xNextTaskUnblockTime)
    xNumOfOverflows                          0x20002180   Data           4  tasks.o(.bss.xNumOfOverflows)
    [Anonymous Symbol]                       0x20002180   Section        0  tasks.o(.bss.xNumOfOverflows)
    xPendedTicks                             0x20002184   Data           4  tasks.o(.bss.xPendedTicks)
    [Anonymous Symbol]                       0x20002184   Section        0  tasks.o(.bss.xPendedTicks)
    xPendingReadyList                        0x20002188   Data          20  tasks.o(.bss.xPendingReadyList)
    [Anonymous Symbol]                       0x20002188   Section        0  tasks.o(.bss.xPendingReadyList)
    xSchedulerRunning                        0x2000219c   Data           4  tasks.o(.bss.xSchedulerRunning)
    [Anonymous Symbol]                       0x2000219c   Section        0  tasks.o(.bss.xSchedulerRunning)
    xSuspendedTaskList                       0x200021a0   Data          20  tasks.o(.bss.xSuspendedTaskList)
    [Anonymous Symbol]                       0x200021a0   Section        0  tasks.o(.bss.xSuspendedTaskList)
    xTasksWaitingTermination                 0x200021b4   Data          20  tasks.o(.bss.xTasksWaitingTermination)
    [Anonymous Symbol]                       0x200021b4   Section        0  tasks.o(.bss.xTasksWaitingTermination)
    xTickCount                               0x200021c8   Data           4  tasks.o(.bss.xTickCount)
    [Anonymous Symbol]                       0x200021c8   Section        0  tasks.o(.bss.xTickCount)
    xTimerQueue                              0x200021cc   Data           4  timers.o(.bss.xTimerQueue)
    [Anonymous Symbol]                       0x200021cc   Section        0  timers.o(.bss.xTimerQueue)
    xTimerTaskHandle                         0x200021d0   Data           4  timers.o(.bss.xTimerTaskHandle)
    [Anonymous Symbol]                       0x200021d0   Section        0  timers.o(.bss.xTimerTaskHandle)
    xYieldPending                            0x200021d8   Data           4  tasks.o(.bss.xYieldPending)
    [Anonymous Symbol]                       0x200021d8   Section        0  tasks.o(.bss.xYieldPending)
    Heap_Mem                                 0x200021e0   Data           0  startup_tm4c123.o(HEAP)
    Stack_Mem                                0x200021e0   Data         512  startup_tm4c123.o(STACK)
    HEAP                                     0x200021e0   Section        0  startup_tm4c123.o(HEAP)
    STACK                                    0x200021e0   Section      512  startup_tm4c123.o(STACK)
    __initial_sp                             0x200023e0   Data           0  startup_tm4c123.o(STACK)

    Global Symbols

    Symbol Name                              Value     Ov Type        Size  Object(Section)

    BuildAttributes$$THM_ISAv4$E$P$D$K$B$S$7EM$VFPi3$EXTD16$VFPS$VFMA$PE$A:L22UL41UL21$X:L11$S22US41US21$IEEE1$IW$~IW$USESV6$~STKCKD$USESV7$~SHL$OSPACE$ROPI$EBA8$UX$STANDARDLIB$REQ8$PRES8$EABIv2 0x00000000   Number         0  anon$$obj.o ABSOLUTE
    __Vectors                                0x00000000   Data           4  startup_tm4c123.o(RESET)
    __ARM_exceptions_init                     - Undefined Weak Reference
    __alloca_initialize                       - Undefined Weak Reference
    __arm_preinit_                            - Undefined Weak Reference
    __cpp_initialize__aeabi_                  - Undefined Weak Reference
    __cxa_finalize                            - Undefined Weak Reference
    __rt_locale                               - Undefined Weak Reference
    __sigvec_lookup                           - Undefined Weak Reference
    _atexit_init                              - Undefined Weak Reference
    _call_atexit_fns                          - Undefined Weak Reference
    _clock_init                               - Undefined Weak Reference
    _fp_trap_init                             - Undefined Weak Reference
    _fp_trap_shutdown                         - Undefined Weak Reference
    _get_lc_collate                           - Undefined Weak Reference
    _get_lc_ctype                             - Undefined Weak Reference
    _get_lc_monetary                          - Undefined Weak Reference
    _get_lc_numeric                           - Undefined Weak Reference
    _get_lc_time                              - Undefined Weak Reference
    _getenv_init                              - Undefined Weak Reference
    _handle_redirection                       - Undefined Weak Reference
    _init_alloc                               - Undefined Weak Reference
    _init_user_alloc                          - Undefined Weak Reference
    _initio                                   - Undefined Weak Reference
    _rand_init                                - Undefined Weak Reference
    _signal_finish                            - Undefined Weak Reference
    _signal_init                              - Undefined Weak Reference
    _terminate_alloc                          - Undefined Weak Reference
    _terminate_user_alloc                     - Undefined Weak Reference
    _terminateio                              - Undefined Weak Reference
    __Vectors_End                            0x0000026c   Data           0  startup_tm4c123.o(RESET)
    __Vectors_Size                           0x0000026c   Number         0  startup_tm4c123.o ABSOLUTE
    __main                                   0x0000026d   Thumb Code     8  __main.o(!!!main)
    __scatterload                            0x00000275   Thumb Code     0  __scatter.o(!!!scatter)
    __scatterload_rt2                        0x00000275   Thumb Code    44  __scatter.o(!!!scatter)
    __scatterload_rt2_thumb_only             0x00000275   Thumb Code     0  __scatter.o(!!!scatter)
    __scatterload_null                       0x00000283   Thumb Code     0  __scatter.o(!!!scatter)
    __scatterload_copy                       0x000002a9   Thumb Code    26  __scatter_copy.o(!!handler_copy)
    __scatterload_zeroinit                   0x000002c5   Thumb Code    28  __scatter_zi.o(!!handler_zi)
    __rt_lib_init                            0x000002e1   Thumb Code     0  libinit.o(.ARM.Collect$$libinit$$00000000)
    __rt_lib_init_fp_1                       0x000002e3   Thumb Code     0  libinit2.o(.ARM.Collect$$libinit$$00000001)
    __rt_lib_init_alloca_1                   0x000002e7   Thumb Code     0  libinit2.o(.ARM.Collect$$libinit$$0000002E)
    __rt_lib_init_argv_1                     0x000002e7   Thumb Code     0  libinit2.o(.ARM.Collect$$libinit$$0000002C)
    __rt_lib_init_atexit_1                   0x000002e7   Thumb Code     0  libinit2.o(.ARM.Collect$$libinit$$0000001B)
    __rt_lib_init_clock_1                    0x000002e7   Thumb Code     0  libinit2.o(.ARM.Collect$$libinit$$00000021)
    __rt_lib_init_cpp_1                      0x000002e7   Thumb Code     0  libinit2.o(.ARM.Collect$$libinit$$00000032)
    __rt_lib_init_exceptions_1               0x000002e7   Thumb Code     0  libinit2.o(.ARM.Collect$$libinit$$00000030)
    __rt_lib_init_fp_trap_1                  0x000002e7   Thumb Code     0  libinit2.o(.ARM.Collect$$libinit$$0000001F)
    __rt_lib_init_getenv_1                   0x000002e7   Thumb Code     0  libinit2.o(.ARM.Collect$$libinit$$00000023)
    __rt_lib_init_heap_1                     0x000002e7   Thumb Code     0  libinit2.o(.ARM.Collect$$libinit$$0000000A)
    __rt_lib_init_lc_collate_1               0x000002e7   Thumb Code     0  libinit2.o(.ARM.Collect$$libinit$$00000011)
    __rt_lib_init_lc_ctype_1                 0x000002e7   Thumb Code     0  libinit2.o(.ARM.Collect$$libinit$$00000013)
    __rt_lib_init_lc_monetary_1              0x000002e7   Thumb Code     0  libinit2.o(.ARM.Collect$$libinit$$00000015)
    __rt_lib_init_lc_numeric_1               0x000002e7   Thumb Code     0  libinit2.o(.ARM.Collect$$libinit$$00000017)
    __rt_lib_init_lc_time_1                  0x000002e7   Thumb Code     0  libinit2.o(.ARM.Collect$$libinit$$00000019)
    __rt_lib_init_preinit_1                  0x000002e7   Thumb Code     0  libinit2.o(.ARM.Collect$$libinit$$00000004)
    __rt_lib_init_rand_1                     0x000002e7   Thumb Code     0  libinit2.o(.ARM.Collect$$libinit$$0000000E)
    __rt_lib_init_return                     0x000002e7   Thumb Code     0  libinit2.o(.ARM.Collect$$libinit$$00000033)
    __rt_lib_init_signal_1                   0x000002e7   Thumb Code     0  libinit2.o(.ARM.Collect$$libinit$$0000001D)
    __rt_lib_init_stdio_1                    0x000002e7   Thumb Code     0  libinit2.o(.ARM.Collect$$libinit$$00000025)
    __rt_lib_init_user_alloc_1               0x000002e7   Thumb Code     0  libinit2.o(.ARM.Collect$$libinit$$0000000C)
    __rt_lib_shutdown                        0x000002e9   Thumb Code     0  libshutdown.o(.ARM.Collect$$libshutdown$$00000000)
    __rt_lib_shutdown_cpp_1                  0x000002eb   Thumb Code     0  libshutdown2.o(.ARM.Collect$$libshutdown$$00000002)
    __rt_lib_shutdown_fp_trap_1              0x000002eb   Thumb Code     0  libshutdown2.o(.ARM.Collect$$libshutdown$$00000007)
    __rt_lib_shutdown_heap_1                 0x000002eb   Thumb Code     0  libshutdown2.o(.ARM.Collect$$libshutdown$$0000000F)
    __rt_lib_shutdown_return                 0x000002eb   Thumb Code     0  libshutdown2.o(.ARM.Collect$$libshutdown$$00000010)
    __rt_lib_shutdown_signal_1               0x000002eb   Thumb Code     0  libshutdown2.o(.ARM.Collect$$libshutdown$$0000000A)
    __rt_lib_shutdown_stdio_1                0x000002eb   Thumb Code     0  libshutdown2.o(.ARM.Collect$$libshutdown$$00000004)
    __rt_lib_shutdown_user_alloc_1           0x000002eb   Thumb Code     0  libshutdown2.o(.ARM.Collect$$libshutdown$$0000000C)
    __rt_entry                               0x000002ed   Thumb Code     0  __rtentry.o(.ARM.Collect$$rtentry$$00000000)
    __rt_entry_presh_1                       0x000002ed   Thumb Code     0  __rtentry2.o(.ARM.Collect$$rtentry$$00000002)
    __rt_entry_sh                            0x000002ed   Thumb Code     0  __rtentry4.o(.ARM.Collect$$rtentry$$00000004)
    __rt_entry_li                            0x000002f3   Thumb Code     0  __rtentry2.o(.ARM.Collect$$rtentry$$0000000A)
    __rt_entry_postsh_1                      0x000002f3   Thumb Code     0  __rtentry2.o(.ARM.Collect$$rtentry$$00000009)
    __rt_entry_main                          0x000002f7   Thumb Code     0  __rtentry2.o(.ARM.Collect$$rtentry$$0000000D)
    __rt_entry_postli_1                      0x000002f7   Thumb Code     0  __rtentry2.o(.ARM.Collect$$rtentry$$0000000C)
    __rt_exit                                0x000002ff   Thumb Code     0  rtexit.o(.ARM.Collect$$rtexit$$00000000)
    __rt_exit_ls                             0x00000301   Thumb Code     0  rtexit2.o(.ARM.Collect$$rtexit$$00000003)
    __rt_exit_prels_1                        0x00000301   Thumb Code     0  rtexit2.o(.ARM.Collect$$rtexit$$00000002)
    __rt_exit_exit                           0x00000305   Thumb Code     0  rtexit2.o(.ARM.Collect$$rtexit$$00000004)
    Reset_Handler                            0x0000030d   Thumb Code     8  startup_tm4c123.o(.text)
    NMI_Handler                              0x00000315   Thumb Code     2  startup_tm4c123.o(.text)
    HardFault_Handler                        0x00000317   Thumb Code     2  startup_tm4c123.o(.text)
    MemManage_Handler                        0x00000319   Thumb Code     2  startup_tm4c123.o(.text)
    BusFault_Handler                         0x0000031b   Thumb Code     2  startup_tm4c123.o(.text)
    UsageFault_Handler                       0x0000031d   Thumb Code     2  startup_tm4c123.o(.text)
    DebugMon_Handler                         0x00000321   Thumb Code     2  startup_tm4c123.o(.text)
    GPIOA_Handler                            0x00000327   Thumb Code     2  startup_tm4c123.o(.text)
    GPIOB_Handler                            0x00000329   Thumb Code     2  startup_tm4c123.o(.text)
    GPIOC_Handler                            0x0000032b   Thumb Code     2  startup_tm4c123.o(.text)
    GPIOD_Handler                            0x0000032d   Thumb Code     2  startup_tm4c123.o(.text)
    GPIOE_Handler                            0x0000032f   Thumb Code     2  startup_tm4c123.o(.text)
    UART0_Handler                            0x00000331   Thumb Code     2  startup_tm4c123.o(.text)
    UART1_Handler                            0x00000333   Thumb Code     2  startup_tm4c123.o(.text)
    SSI0_Handler                             0x00000335   Thumb Code     2  startup_tm4c123.o(.text)
    I2C0_Handler                             0x00000337   Thumb Code     2  startup_tm4c123.o(.text)
    PMW0_FAULT_Handler                       0x00000339   Thumb Code     2  startup_tm4c123.o(.text)
    PWM0_0_Handler                           0x0000033b   Thumb Code     2  startup_tm4c123.o(.text)
    PWM0_1_Handler                           0x0000033d   Thumb Code     2  startup_tm4c123.o(.text)
    PWM0_2_Handler                           0x0000033f   Thumb Code     2  startup_tm4c123.o(.text)
    QEI0_Handler                             0x00000341   Thumb Code     2  startup_tm4c123.o(.text)
    ADC0SS0_Handler                          0x00000343   Thumb Code     2  startup_tm4c123.o(.text)
    ADC0SS1_Handler                          0x00000345   Thumb Code     2  startup_tm4c123.o(.text)
    ADC0SS2_Handler                          0x00000347   Thumb Code     2  startup_tm4c123.o(.text)
    ADC0SS3_Handler                          0x00000349   Thumb Code     2  startup_tm4c123.o(.text)
    WDT0_Handler                             0x0000034b   Thumb Code     2  startup_tm4c123.o(.text)
    TIMER0A_Handler                          0x0000034d   Thumb Code     2  startup_tm4c123.o(.text)
    TIMER0B_Handler                          0x0000034f   Thumb Code     2  startup_tm4c123.o(.text)
    TIMER1A_Handler                          0x00000351   Thumb Code     2  startup_tm4c123.o(.text)
    TIMER1B_Handler                          0x00000353   Thumb Code     2  startup_tm4c123.o(.text)
    TIMER2A_Handler                          0x00000355   Thumb Code     2  startup_tm4c123.o(.text)
    TIMER2B_Handler                          0x00000357   Thumb Code     2  startup_tm4c123.o(.text)
    COMP0_Handler                            0x00000359   Thumb Code     2  startup_tm4c123.o(.text)
    COMP1_Handler                            0x0000035b   Thumb Code     2  startup_tm4c123.o(.text)
    COMP2_Handler                            0x0000035d   Thumb Code     2  startup_tm4c123.o(.text)
    SYSCTL_Handler                           0x0000035f   Thumb Code     2  startup_tm4c123.o(.text)
    FLASH_Handler                            0x00000361   Thumb Code     2  startup_tm4c123.o(.text)
    GPIOF_Handler                            0x00000363   Thumb Code     2  startup_tm4c123.o(.text)
    GPIOG_Handler                            0x00000365   Thumb Code     2  startup_tm4c123.o(.text)
    GPIOH_Handler                            0x00000367   Thumb Code     2  startup_tm4c123.o(.text)
    UART2_Handler                            0x00000369   Thumb Code     2  startup_tm4c123.o(.text)
    SSI1_Handler                             0x0000036b   Thumb Code     2  startup_tm4c123.o(.text)
    TIMER3A_Handler                          0x0000036d   Thumb Code     2  startup_tm4c123.o(.text)
    TIMER3B_Handler                          0x0000036f   Thumb Code     2  startup_tm4c123.o(.text)
    I2C1_Handler                             0x00000371   Thumb Code     2  startup_tm4c123.o(.text)
    QEI1_Handler                             0x00000373   Thumb Code     2  startup_tm4c123.o(.text)
    CAN0_Handler                             0x00000375   Thumb Code     2  startup_tm4c123.o(.text)
    CAN1_Handler                             0x00000377   Thumb Code     2  startup_tm4c123.o(.text)
    CAN2_Handler                             0x00000379   Thumb Code     2  startup_tm4c123.o(.text)
    HIB_Handler                              0x0000037b   Thumb Code     2  startup_tm4c123.o(.text)
    USB0_Handler                             0x0000037d   Thumb Code     2  startup_tm4c123.o(.text)
    PWM0_3_Handler                           0x0000037f   Thumb Code     2  startup_tm4c123.o(.text)
    UDMA_Handler                             0x00000381   Thumb Code     2  startup_tm4c123.o(.text)
    UDMAERR_Handler                          0x00000383   Thumb Code     2  startup_tm4c123.o(.text)
    ADC1SS0_Handler                          0x00000385   Thumb Code     2  startup_tm4c123.o(.text)
    ADC1SS1_Handler                          0x00000387   Thumb Code     2  startup_tm4c123.o(.text)
    ADC1SS2_Handler                          0x00000389   Thumb Code     2  startup_tm4c123.o(.text)
    ADC1SS3_Handler                          0x0000038b   Thumb Code     2  startup_tm4c123.o(.text)
    GPIOJ_Handler                            0x0000038d   Thumb Code     2  startup_tm4c123.o(.text)
    GPIOK_Handler                            0x0000038f   Thumb Code     2  startup_tm4c123.o(.text)
    GPIOL_Handler                            0x00000391   Thumb Code     2  startup_tm4c123.o(.text)
    SSI2_Handler                             0x00000393   Thumb Code     2  startup_tm4c123.o(.text)
    SSI3_Handler                             0x00000395   Thumb Code     2  startup_tm4c123.o(.text)
    UART3_Handler                            0x00000397   Thumb Code     2  startup_tm4c123.o(.text)
    UART4_Handler                            0x00000399   Thumb Code     2  startup_tm4c123.o(.text)
    UART5_Handler                            0x0000039b   Thumb Code     2  startup_tm4c123.o(.text)
    UART6_Handler                            0x0000039d   Thumb Code     2  startup_tm4c123.o(.text)
    UART7_Handler                            0x0000039f   Thumb Code     2  startup_tm4c123.o(.text)
    I2C2_Handler                             0x000003a1   Thumb Code     2  startup_tm4c123.o(.text)
    I2C3_Handler                             0x000003a3   Thumb Code     2  startup_tm4c123.o(.text)
    TIMER4A_Handler                          0x000003a5   Thumb Code     2  startup_tm4c123.o(.text)
    TIMER4B_Handler                          0x000003a7   Thumb Code     2  startup_tm4c123.o(.text)
    TIMER5A_Handler                          0x000003a9   Thumb Code     2  startup_tm4c123.o(.text)
    TIMER5B_Handler                          0x000003ab   Thumb Code     2  startup_tm4c123.o(.text)
    WTIMER0A_Handler                         0x000003ad   Thumb Code     2  startup_tm4c123.o(.text)
    WTIMER0B_Handler                         0x000003af   Thumb Code     2  startup_tm4c123.o(.text)
    WTIMER1A_Handler                         0x000003b1   Thumb Code     2  startup_tm4c123.o(.text)
    WTIMER1B_Handler                         0x000003b3   Thumb Code     2  startup_tm4c123.o(.text)
    WTIMER2A_Handler                         0x000003b5   Thumb Code     2  startup_tm4c123.o(.text)
    WTIMER2B_Handler                         0x000003b7   Thumb Code     2  startup_tm4c123.o(.text)
    WTIMER3A_Handler                         0x000003b9   Thumb Code     2  startup_tm4c123.o(.text)
    WTIMER3B_Handler                         0x000003bb   Thumb Code     2  startup_tm4c123.o(.text)
    WTIMER4A_Handler                         0x000003bd   Thumb Code     2  startup_tm4c123.o(.text)
    WTIMER4B_Handler                         0x000003bf   Thumb Code     2  startup_tm4c123.o(.text)
    WTIMER5A_Handler                         0x000003c1   Thumb Code     2  startup_tm4c123.o(.text)
    WTIMER5B_Handler                         0x000003c3   Thumb Code     2  startup_tm4c123.o(.text)
    FPU_Handler                              0x000003c5   Thumb Code     2  startup_tm4c123.o(.text)
    I2C4_Handler                             0x000003c7   Thumb Code     2  startup_tm4c123.o(.text)
    I2C5_Handler                             0x000003c9   Thumb Code     2  startup_tm4c123.o(.text)
    GPIOM_Handler                            0x000003cb   Thumb Code     2  startup_tm4c123.o(.text)
    GPION_Handler                            0x000003cd   Thumb Code     2  startup_tm4c123.o(.text)
    QEI2_Handler                             0x000003cf   Thumb Code     2  startup_tm4c123.o(.text)
    GPIOP0_Handler                           0x000003d1   Thumb Code     2  startup_tm4c123.o(.text)
    GPIOP1_Handler                           0x000003d3   Thumb Code     2  startup_tm4c123.o(.text)
    GPIOP2_Handler                           0x000003d5   Thumb Code     2  startup_tm4c123.o(.text)
    GPIOP3_Handler                           0x000003d7   Thumb Code     2  startup_tm4c123.o(.text)
    GPIOP4_Handler                           0x000003d9   Thumb Code     2  startup_tm4c123.o(.text)
    GPIOP5_Handler                           0x000003db   Thumb Code     2  startup_tm4c123.o(.text)
    GPIOP6_Handler                           0x000003dd   Thumb Code     2  startup_tm4c123.o(.text)
    GPIOP7_Handler                           0x000003df   Thumb Code     2  startup_tm4c123.o(.text)
    GPIOQ0_Handler                           0x000003e1   Thumb Code     2  startup_tm4c123.o(.text)
    GPIOQ1_Handler                           0x000003e3   Thumb Code     2  startup_tm4c123.o(.text)
    GPIOQ2_Handler                           0x000003e5   Thumb Code     2  startup_tm4c123.o(.text)
    GPIOQ3_Handler                           0x000003e7   Thumb Code     2  startup_tm4c123.o(.text)
    GPIOQ4_Handler                           0x000003e9   Thumb Code     2  startup_tm4c123.o(.text)
    GPIOQ5_Handler                           0x000003eb   Thumb Code     2  startup_tm4c123.o(.text)
    GPIOQ6_Handler                           0x000003ed   Thumb Code     2  startup_tm4c123.o(.text)
    GPIOQ7_Handler                           0x000003ef   Thumb Code     2  startup_tm4c123.o(.text)
    GPIOR_Handler                            0x000003f1   Thumb Code     2  startup_tm4c123.o(.text)
    GPIOS_Handler                            0x000003f3   Thumb Code     2  startup_tm4c123.o(.text)
    PMW1_0_Handler                           0x000003f5   Thumb Code     2  startup_tm4c123.o(.text)
    PWM1_1_Handler                           0x000003f7   Thumb Code     2  startup_tm4c123.o(.text)
    PWM1_2_Handler                           0x000003f9   Thumb Code     2  startup_tm4c123.o(.text)
    PWM1_3_Handler                           0x000003fb   Thumb Code     2  startup_tm4c123.o(.text)
    PWM1_FAULT_Handler                       0x000003fd   Thumb Code     2  startup_tm4c123.o(.text)
    __user_initial_stackheap                 0x00000401   Thumb Code     0  startup_tm4c123.o(.text)
    __aeabi_memcpy                           0x00000421   Thumb Code     0  rt_memcpy_v6.o(.text)
    __rt_memcpy                              0x00000421   Thumb Code   138  rt_memcpy_v6.o(.text)
    _memcpy_lastbytes                        0x00000487   Thumb Code     0  rt_memcpy_v6.o(.text)
    __aeabi_memset4                          0x000004ab   Thumb Code    16  aeabi_memset4.o(.text)
    __aeabi_memset8                          0x000004ab   Thumb Code     0  aeabi_memset4.o(.text)
    __use_two_region_memory                  0x000004bb   Thumb Code     2  heapauxi.o(.text)
    __rt_heap_escrow$2region                 0x000004bd   Thumb Code     2  heapauxi.o(.text)
    __rt_heap_expand$2region                 0x000004bf   Thumb Code     2  heapauxi.o(.text)
    __aeabi_memcpy4                          0x000004c1   Thumb Code     0  rt_memcpy_w.o(.text)
    __aeabi_memcpy8                          0x000004c1   Thumb Code     0  rt_memcpy_w.o(.text)
    __rt_memcpy_w                            0x000004c1   Thumb Code   100  rt_memcpy_w.o(.text)
    _memcpy_lastbytes_aligned                0x00000509   Thumb Code     0  rt_memcpy_w.o(.text)
    __aeabi_memclr4                          0x00000525   Thumb Code     0  rt_memclr_w.o(.text)
    __aeabi_memclr8                          0x00000525   Thumb Code     0  rt_memclr_w.o(.text)
    __rt_memclr_w                            0x00000525   Thumb Code     0  rt_memclr_w.o(.text)
    _memset_w                                0x00000529   Thumb Code    74  rt_memclr_w.o(.text)
    __user_setup_stackheap                   0x00000573   Thumb Code    74  sys_stackheap_outer.o(.text)
    exit                                     0x000005bd   Thumb Code    18  exit.o(.text)
    __user_libspace                          0x000005d1   Thumb Code     8  libspace.o(.text)
    __user_perproc_libspace                  0x000005d1   Thumb Code     0  libspace.o(.text)
    __user_perthread_libspace                0x000005d1   Thumb Code     0  libspace.o(.text)
    _sys_exit                                0x000005d9   Thumb Code     8  sys_exit.o(.text)
    __I$use$semihosting                      0x000005e5   Thumb Code     0  use_no_semi.o(.text)
    __use_no_semihosting_swi                 0x000005e5   Thumb Code     2  use_no_semi.o(.text)
    __semihosting_library_function           0x000005e7   Thumb Code     0  indicate_semi.o(.text)
    ADC_Init                                 0x000005e9   Thumb Code   150  adc.o(.text.ADC_Init)
    ADC_getValue                             0x00000681   Thumb Code   152  adc.o(.text.ADC_getValue)
    Buzzer_OFF                               0x00000719   Thumb Code    18  ledandbuzzer.o(.text.Buzzer_OFF)
    Buzzer_ON                                0x0000072d   Thumb Code    18  ledandbuzzer.o(.text.Buzzer_ON)
    LCD4bit_Cmd                              0x00000741   Thumb Code   150  lcdd.o(.text.LCD4bit_Cmd)
    LCD4bit_Data                             0x000007d9   Thumb Code   134  lcdd.o(.text.LCD4bit_Data)
    LCD_init                                 0x00000861   Thumb Code   122  lcdd.o(.text.LCD_init)
    LCD_moveCursor                           0x000008dd   Thumb Code    96  lcdd.o(.text.LCD_moveCursor)
    LED_OFF                                  0x0000093d   Thumb Code    18  ledandbuzzer.o(.text.LED_OFF)
    LED_ON                                   0x00000951   Thumb Code    18  ledandbuzzer.o(.text.LED_ON)
    PendSV_Handler                           0x00000971   Thumb Code   100  port.o(.text.PendSV_Handler)
    SVC_Handler                              0x000009e1   Thumb Code    36  port.o(.text.SVC_Handler)
    SysTick_Handler                          0x00000a05   Thumb Code    60  port.o(.text.SysTick_Handler)
    SystemInit                               0x00000a41   Thumb Code   268  system_tm4c123.o(.text.SystemInit)
    UART0_Init                               0x00000d0d   Thumb Code   246  uart.o(.text.UART0_Init)
    UART0_getChar                            0x00000e05   Thumb Code    46  uart.o(.text.UART0_getChar)
    UART0_getString                          0x00000e35   Thumb Code    72  uart.o(.text.UART0_getString)
    UART0_sendChar                           0x00000e7d   Thumb Code    46  uart.o(.text.UART0_sendChar)
    UART0_sendNum                            0x00000ead   Thumb Code   168  uart.o(.text.UART0_sendNum)
    UART0_sendState                          0x00000f55   Thumb Code    34  uart.o(.text.UART0_sendState)
    delay_micro                              0x00000f79   Thumb Code    58  lcdd.o(.text.delay_micro)
    delay_milli                              0x00000fb5   Thumb Code    62  lcdd.o(.text.delay_milli)
    eTaskConfirmSleepModeStatus              0x00000ff5   Thumb Code   128  tasks.o(.text.eTaskConfirmSleepModeStatus)
    int_to_number_print                      0x00001075   Thumb Code   170  lcdd.o(.text.int_to_number_print)
    main                                     0x00001121   Thumb Code   230  main.o(.text.main)
    portF_Init                               0x00001209   Thumb Code    50  gpio.o(.text.portF_Init)
    pvPortMalloc                             0x000020b5   Thumb Code   192  heap_1.o(.text.pvPortMalloc)
    pxPortInitialiseStack                    0x00002175   Thumb Code    94  port.o(.text.pxPortInitialiseStack)
    uxListRemove                             0x000021d5   Thumb Code    72  list.o(.text.uxListRemove)
    vListInitialise                          0x0000221d   Thumb Code    46  list.o(.text.vListInitialise)
    vListInitialiseItem                      0x0000224d   Thumb Code    14  list.o(.text.vListInitialiseItem)
    vListInsert                              0x0000225d   Thumb Code   106  list.o(.text.vListInsert)
    vPortEnterCritical                       0x000022dd   Thumb Code    86  port.o(.text.vPortEnterCritical)
    vPortExitCritical                        0x00002335   Thumb Code    74  port.o(.text.vPortExitCritical)
    vPortFree                                0x00002381   Thumb Code    36  heap_1.o(.text.vPortFree)
    vPortSetupTimerInterrupt                 0x000023a5   Thumb Code   120  port.o(.text.vPortSetupTimerInterrupt)
    vPortSuppressTicksAndSleep               0x0000241d   Thumb Code   524  port.o(.text.vPortSuppressTicksAndSleep)
    vQueueWaitForMessageRestricted           0x00002629   Thumb Code   100  queue.o(.text.vQueueWaitForMessageRestricted)
    vTaskDelay                               0x0000268d   Thumb Code   110  tasks.o(.text.vTaskDelay)
    vTaskInternalSetTimeOutState             0x000026fd   Thumb Code    36  tasks.o(.text.vTaskInternalSetTimeOutState)
    vTaskMissedYield                         0x00002721   Thumb Code    14  tasks.o(.text.vTaskMissedYield)
    vTaskPlaceOnEventList                    0x00002731   Thumb Code    66  tasks.o(.text.vTaskPlaceOnEventList)
    vTaskPlaceOnEventListRestricted          0x00002775   Thumb Code   124  tasks.o(.text.vTaskPlaceOnEventListRestricted)
    vTaskStartScheduler                      0x000027f1   Thumb Code   186  tasks.o(.text.vTaskStartScheduler)
    vTaskStepTick                            0x000028ad   Thumb Code    76  tasks.o(.text.vTaskStepTick)
    vTaskSuspendAll                          0x000028f9   Thumb Code    16  tasks.o(.text.vTaskSuspendAll)
    vTaskSwitchContext                       0x00002909   Thumb Code   190  tasks.o(.text.vTaskSwitchContext)
    xPortStartScheduler                      0x000029c9   Thumb Code   342  port.o(.text.xPortStartScheduler)
    xQueueGenericCreate                      0x00002b21   Thumb Code   154  queue.o(.text.xQueueGenericCreate)
    xQueueGenericReset                       0x00002bbd   Thumb Code   264  queue.o(.text.xQueueGenericReset)
    xQueueGenericSend                        0x00002cc5   Thumb Code   628  queue.o(.text.xQueueGenericSend)
    xQueueReceive                            0x00002f39   Thumb Code   476  queue.o(.text.xQueueReceive)
    xTaskCheckForTimeOut                     0x00003115   Thumb Code   252  tasks.o(.text.xTaskCheckForTimeOut)
    xTaskCreate                              0x00003211   Thumb Code   152  tasks.o(.text.xTaskCreate)
    xTaskGetSchedulerState                   0x000032a9   Thumb Code    56  tasks.o(.text.xTaskGetSchedulerState)
    xTaskGetTickCount                        0x000032e1   Thumb Code    20  tasks.o(.text.xTaskGetTickCount)
    xTaskIncrementTick                       0x000032f5   Thumb Code   608  tasks.o(.text.xTaskIncrementTick)
    xTaskPriorityDisinherit                  0x00003555   Thumb Code   312  tasks.o(.text.xTaskPriorityDisinherit)
    xTaskRemoveFromEventList                 0x0000368d   Thumb Code   402  tasks.o(.text.xTaskRemoveFromEventList)
    xTaskResumeAll                           0x00003821   Thumb Code   546  tasks.o(.text.xTaskResumeAll)
    xTimerCreateTimerTask                    0x00003a45   Thumb Code   108  timers.o(.text.xTimerCreateTimerTask)
    __aeabi_d2iz                             0x00003ab1   Thumb Code     0  dfix.o(x$fpl$dfix)
    _dfix                                    0x00003ab1   Thumb Code    94  dfix.o(x$fpl$dfix)
    __aeabi_i2d                              0x00003b0f   Thumb Code     0  dflt_clz.o(x$fpl$dflt)
    _dflt                                    0x00003b0f   Thumb Code    46  dflt_clz.o(x$fpl$dflt)
    __aeabi_dmul                             0x00003b3d   Thumb Code     0  dmul.o(x$fpl$dmul)
    _dmul                                    0x00003b3d   Thumb Code   332  dmul.o(x$fpl$dmul)
    __fpl_dnaninf                            0x00003c91   Thumb Code   156  dnaninf.o(x$fpl$dnaninf)
    __fpl_dretinf                            0x00003d2d   Thumb Code    12  dretinf.o(x$fpl$dretinf)
    _fp_init                                 0x00003d39   Thumb Code    26  fpinit.o(x$fpl$fpinit)
    __fplib_config_fpu_vfp                   0x00003d51   Thumb Code     0  fpinit.o(x$fpl$fpinit)
    __fplib_config_pureend_doubles           0x00003d51   Thumb Code     0  fpinit.o(x$fpl$fpinit)
    __I$use$fp                               0x00003d52   Number         0  usenofp.o(x$fpl$usenofp)
    uxTopUsedPriority                        0x00003db4   Data           4  tasks.o(.rodata.uxTopUsedPriority)
    Region$$Table$$Base                      0x00003db8   Number         0  anon$$obj.o(Region$$Table)
    Region$$Table$$Limit                     0x00003dd8   Number         0  anon$$obj.o(Region$$Table)
    AlarmValue                               0x20000000   Data           4  main.o(.data.AlarmValue)
    SystemCoreClock                          0x20000004   Data           4  system_tm4c123.o(.data.SystemCoreClock)
    setpoint                                 0x20000008   Data           4  main.o(.data.setpoint)
    __libspace_start                         0x20000010   Data          96  libspace.o(.bss)
    __temporary_stack_top$libspace           0x20000070   Data           0  libspace.o(.bss)
    actual_temp                              0x20000070   Data           4  main.o(.bss.actual_temp)
    pxCurrentTCB                             0x2000007c   Data           4  tasks.o(.bss.pxCurrentTCB)
    state                                    0x200000f4   Data           1  main.o(.bss.state)
    xBuzzQueue                               0x20002140   Data           4  main.o(.bss.xBuzzQueue)
    xLCDQueue                                0x20002170   Data           4  main.o(.bss.xLCDQueue)
    xUARTQueue                               0x200021d4   Data           4  main.o(.bss.xUARTQueue)



==============================================================================

Memory Map of the image

  Image Entry point : 0x0000030d

  Load Region LR_1 (Base: 0x00000000, Size: 0x00003de8, Max: 0xffffffff, ABSOLUTE)

    Execution Region ER_RO (Exec base: 0x00000000, Load base: 0x00000000, Size: 0x00003dd8, Max: 0xffffffff, ABSOLUTE)

    Exec Addr    Load Addr    Size         Type   Attr      Idx    E Section Name        Object

    0x00000000   0x00000000   0x0000026c   Data   RO          105    RESET               startup_tm4c123.o
    0x0000026c   0x0000026c   0x00000008   Code   RO          537  * !!!main             c_w.l(__main.o)
    0x00000274   0x00000274   0x00000034   Code   RO          721    !!!scatter          c_w.l(__scatter.o)
    0x000002a8   0x000002a8   0x0000001a   Code   RO          723    !!handler_copy      c_w.l(__scatter_copy.o)
    0x000002c2   0x000002c2   0x00000002   PAD
    0x000002c4   0x000002c4   0x0000001c   Code   RO          725    !!handler_zi        c_w.l(__scatter_zi.o)
    0x000002e0   0x000002e0   0x00000002   Code   RO          585    .ARM.Collect$$libinit$$00000000  c_w.l(libinit.o)
    0x000002e2   0x000002e2   0x00000004   Code   RO          591    .ARM.Collect$$libinit$$00000001  c_w.l(libinit2.o)
    0x000002e6   0x000002e6   0x00000000   Code   RO          594    .ARM.Collect$$libinit$$00000004  c_w.l(libinit2.o)
    0x000002e6   0x000002e6   0x00000000   Code   RO          597    .ARM.Collect$$libinit$$0000000A  c_w.l(libinit2.o)
    0x000002e6   0x000002e6   0x00000000   Code   RO          599    .ARM.Collect$$libinit$$0000000C  c_w.l(libinit2.o)
    0x000002e6   0x000002e6   0x00000000   Code   RO          601    .ARM.Collect$$libinit$$0000000E  c_w.l(libinit2.o)
    0x000002e6   0x000002e6   0x00000000   Code   RO          604    .ARM.Collect$$libinit$$00000011  c_w.l(libinit2.o)
    0x000002e6   0x000002e6   0x00000000   Code   RO          606    .ARM.Collect$$libinit$$00000013  c_w.l(libinit2.o)
    0x000002e6   0x000002e6   0x00000000   Code   RO          608    .ARM.Collect$$libinit$$00000015  c_w.l(libinit2.o)
    0x000002e6   0x000002e6   0x00000000   Code   RO          610    .ARM.Collect$$libinit$$00000017  c_w.l(libinit2.o)
    0x000002e6   0x000002e6   0x00000000   Code   RO          612    .ARM.Collect$$libinit$$00000019  c_w.l(libinit2.o)
    0x000002e6   0x000002e6   0x00000000   Code   RO          614    .ARM.Collect$$libinit$$0000001B  c_w.l(libinit2.o)
    0x000002e6   0x000002e6   0x00000000   Code   RO          616    .ARM.Collect$$libinit$$0000001D  c_w.l(libinit2.o)
    0x000002e6   0x000002e6   0x00000000   Code   RO          618    .ARM.Collect$$libinit$$0000001F  c_w.l(libinit2.o)
    0x000002e6   0x000002e6   0x00000000   Code   RO          620    .ARM.Collect$$libinit$$00000021  c_w.l(libinit2.o)
    0x000002e6   0x000002e6   0x00000000   Code   RO          622    .ARM.Collect$$libinit$$00000023  c_w.l(libinit2.o)
    0x000002e6   0x000002e6   0x00000000   Code   RO          624    .ARM.Collect$$libinit$$00000025  c_w.l(libinit2.o)
    0x000002e6   0x000002e6   0x00000000   Code   RO          628    .ARM.Collect$$libinit$$0000002C  c_w.l(libinit2.o)
    0x000002e6   0x000002e6   0x00000000   Code   RO          630    .ARM.Collect$$libinit$$0000002E  c_w.l(libinit2.o)
    0x000002e6   0x000002e6   0x00000000   Code   RO          632    .ARM.Collect$$libinit$$00000030  c_w.l(libinit2.o)
    0x000002e6   0x000002e6   0x00000000   Code   RO          634    .ARM.Collect$$libinit$$00000032  c_w.l(libinit2.o)
    0x000002e6   0x000002e6   0x00000002   Code   RO          635    .ARM.Collect$$libinit$$00000033  c_w.l(libinit2.o)
    0x000002e8   0x000002e8   0x00000002   Code   RO          657    .ARM.Collect$$libshutdown$$00000000  c_w.l(libshutdown.o)
    0x000002ea   0x000002ea   0x00000000   Code   RO          672    .ARM.Collect$$libshutdown$$00000002  c_w.l(libshutdown2.o)
    0x000002ea   0x000002ea   0x00000000   Code   RO          674    .ARM.Collect$$libshutdown$$00000004  c_w.l(libshutdown2.o)
    0x000002ea   0x000002ea   0x00000000   Code   RO          677    .ARM.Collect$$libshutdown$$00000007  c_w.l(libshutdown2.o)
    0x000002ea   0x000002ea   0x00000000   Code   RO          680    .ARM.Collect$$libshutdown$$0000000A  c_w.l(libshutdown2.o)
    0x000002ea   0x000002ea   0x00000000   Code   RO          682    .ARM.Collect$$libshutdown$$0000000C  c_w.l(libshutdown2.o)
    0x000002ea   0x000002ea   0x00000000   Code   RO          685    .ARM.Collect$$libshutdown$$0000000F  c_w.l(libshutdown2.o)
    0x000002ea   0x000002ea   0x00000002   Code   RO          686    .ARM.Collect$$libshutdown$$00000010  c_w.l(libshutdown2.o)
    0x000002ec   0x000002ec   0x00000000   Code   RO          551    .ARM.Collect$$rtentry$$00000000  c_w.l(__rtentry.o)
    0x000002ec   0x000002ec   0x00000000   Code   RO          562    .ARM.Collect$$rtentry$$00000002  c_w.l(__rtentry2.o)
    0x000002ec   0x000002ec   0x00000006   Code   RO          574    .ARM.Collect$$rtentry$$00000004  c_w.l(__rtentry4.o)
    0x000002f2   0x000002f2   0x00000000   Code   RO          564    .ARM.Collect$$rtentry$$00000009  c_w.l(__rtentry2.o)
    0x000002f2   0x000002f2   0x00000004   Code   RO          565    .ARM.Collect$$rtentry$$0000000A  c_w.l(__rtentry2.o)
    0x000002f6   0x000002f6   0x00000000   Code   RO          567    .ARM.Collect$$rtentry$$0000000C  c_w.l(__rtentry2.o)
    0x000002f6   0x000002f6   0x00000008   Code   RO          568    .ARM.Collect$$rtentry$$0000000D  c_w.l(__rtentry2.o)
    0x000002fe   0x000002fe   0x00000002   Code   RO          589    .ARM.Collect$$rtexit$$00000000  c_w.l(rtexit.o)
    0x00000300   0x00000300   0x00000000   Code   RO          637    .ARM.Collect$$rtexit$$00000002  c_w.l(rtexit2.o)
    0x00000300   0x00000300   0x00000004   Code   RO          638    .ARM.Collect$$rtexit$$00000003  c_w.l(rtexit2.o)
    0x00000304   0x00000304   0x00000006   Code   RO          639    .ARM.Collect$$rtexit$$00000004  c_w.l(rtexit2.o)
    0x0000030a   0x0000030a   0x00000002   PAD
    0x0000030c   0x0000030c   0x00000114   Code   RO          106  * .text               startup_tm4c123.o
    0x00000420   0x00000420   0x0000008a   Code   RO          531    .text               c_w.l(rt_memcpy_v6.o)
    0x000004aa   0x000004aa   0x00000010   Code   RO          533    .text               c_w.l(aeabi_memset4.o)
    0x000004ba   0x000004ba   0x00000006   Code   RO          535    .text               c_w.l(heapauxi.o)
    0x000004c0   0x000004c0   0x00000064   Code   RO          552    .text               c_w.l(rt_memcpy_w.o)
    0x00000524   0x00000524   0x0000004e   Code   RO          554    .text               c_w.l(rt_memclr_w.o)
    0x00000572   0x00000572   0x0000004a   Code   RO          576    .text               c_w.l(sys_stackheap_outer.o)
    0x000005bc   0x000005bc   0x00000012   Code   RO          578    .text               c_w.l(exit.o)
    0x000005ce   0x000005ce   0x00000002   PAD
    0x000005d0   0x000005d0   0x00000008   Code   RO          586    .text               c_w.l(libspace.o)
    0x000005d8   0x000005d8   0x0000000c   Code   RO          647    .text               c_w.l(sys_exit.o)
    0x000005e4   0x000005e4   0x00000002   Code   RO          662    .text               c_w.l(use_no_semi.o)
    0x000005e6   0x000005e6   0x00000000   Code   RO          664    .text               c_w.l(indicate_semi.o)
    0x000005e6   0x000005e6   0x00000002   PAD
    0x000005e8   0x000005e8   0x00000096   Code   RO           51    .text.ADC_Init      adc.o
    0x0000067e   0x0000067e   0x00000002   PAD
    0x00000680   0x00000680   0x00000098   Code   RO           53    .text.ADC_getValue  adc.o
    0x00000718   0x00000718   0x00000012   Code   RO           72    .text.Buzzer_OFF    ledandbuzzer.o
    0x0000072a   0x0000072a   0x00000002   PAD
    0x0000072c   0x0000072c   0x00000012   Code   RO           70    .text.Buzzer_ON     ledandbuzzer.o
    0x0000073e   0x0000073e   0x00000002   PAD
    0x00000740   0x00000740   0x00000096   Code   RO           30    .text.LCD4bit_Cmd   lcdd.o
    0x000007d6   0x000007d6   0x00000002   PAD
    0x000007d8   0x000007d8   0x00000086   Code   RO           32    .text.LCD4bit_Data  lcdd.o
    0x0000085e   0x0000085e   0x00000002   PAD
    0x00000860   0x00000860   0x0000007a   Code   RO           28    .text.LCD_init      lcdd.o
    0x000008da   0x000008da   0x00000002   PAD
    0x000008dc   0x000008dc   0x00000060   Code   RO           42    .text.LCD_moveCursor  lcdd.o
    0x0000093c   0x0000093c   0x00000012   Code   RO           76    .text.LED_OFF       ledandbuzzer.o
    0x0000094e   0x0000094e   0x00000002   PAD
    0x00000950   0x00000950   0x00000012   Code   RO           74    .text.LED_ON        ledandbuzzer.o
    0x00000962   0x00000962   0x0000000e   PAD
    0x00000970   0x00000970   0x00000064   Code   RO          165    .text.PendSV_Handler  port.o
    0x000009d4   0x000009d4   0x0000000c   PAD
    0x000009e0   0x000009e0   0x00000024   Code   RO          149    .text.SVC_Handler   port.o
    0x00000a04   0x00000a04   0x0000003c   Code   RO          167    .text.SysTick_Handler  port.o
    0x00000a40   0x00000a40   0x0000010c   Code   RO          117    .text.SystemInit    system_tm4c123.o
    0x00000b4c   0x00000b4c   0x000000c6   Code   RO            4    .text.Task1         main.o
    0x00000c12   0x00000c12   0x00000002   PAD
    0x00000c14   0x00000c14   0x00000054   Code   RO            6    .text.Task2         main.o
    0x00000c68   0x00000c68   0x00000054   Code   RO            8    .text.Task3         main.o
    0x00000cbc   0x00000cbc   0x00000050   Code   RO           10    .text.Task4         main.o
    0x00000d0c   0x00000d0c   0x000000f6   Code   RO           85    .text.UART0_Init    uart.o
    0x00000e02   0x00000e02   0x00000002   PAD
    0x00000e04   0x00000e04   0x0000002e   Code   RO           93    .text.UART0_getChar  uart.o
    0x00000e32   0x00000e32   0x00000002   PAD
    0x00000e34   0x00000e34   0x00000048   Code   RO           95    .text.UART0_getString  uart.o
    0x00000e7c   0x00000e7c   0x0000002e   Code   RO           87    .text.UART0_sendChar  uart.o
    0x00000eaa   0x00000eaa   0x00000002   PAD
    0x00000eac   0x00000eac   0x000000a8   Code   RO           89    .text.UART0_sendNum  uart.o
    0x00000f54   0x00000f54   0x00000022   Code   RO           91    .text.UART0_sendState  uart.o
    0x00000f76   0x00000f76   0x00000002   PAD
    0x00000f78   0x00000f78   0x0000003a   Code   RO           34    .text.delay_micro   lcdd.o
    0x00000fb2   0x00000fb2   0x00000002   PAD
    0x00000fb4   0x00000fb4   0x0000003e   Code   RO           38    .text.delay_milli   lcdd.o
    0x00000ff2   0x00000ff2   0x00000002   PAD
    0x00000ff4   0x00000ff4   0x00000080   Code   RO          385    .text.eTaskConfirmSleepModeStatus  tasks.o
    0x00001074   0x00001074   0x000000aa   Code   RO           40    .text.int_to_number_print  lcdd.o
    0x0000111e   0x0000111e   0x00000002   PAD
    0x00001120   0x00001120   0x000000e6   Code   RO            2    .text.main          main.o
    0x00001206   0x00001206   0x00000002   PAD
    0x00001208   0x00001208   0x00000032   Code   RO           62    .text.portF_Init    gpio.o
    0x0000123a   0x0000123a   0x00000002   PAD
    0x0000123c   0x0000123c   0x00000122   Code   RO          307    .text.prvAddCurrentTaskToDelayedList  tasks.o
    0x0000135e   0x0000135e   0x00000002   PAD
    0x00001360   0x00001360   0x00000154   Code   RO          295    .text.prvAddNewTaskToReadyList  tasks.o
    0x000014b4   0x000014b4   0x0000006a   Code   RO          461    .text.prvCheckForValidListAndQueue  timers.o
    0x0000151e   0x0000151e   0x00000002   PAD
    0x00001520   0x00001520   0x0000005a   Code   RO          425    .text.prvCheckTasksWaitingTermination  tasks.o
    0x0000157a   0x0000157a   0x00000002   PAD
    0x0000157c   0x0000157c   0x00000042   Code   RO          242    .text.prvCopyDataFromQueue  queue.o
    0x000015be   0x000015be   0x00000002   PAD
    0x000015c0   0x000015c0   0x000000cc   Code   RO          228    .text.prvCopyDataToQueue  queue.o
    0x0000168c   0x0000168c   0x00000018   Code   RO          301    .text.prvDeleteTCB  tasks.o
    0x000016a4   0x000016a4   0x0000007c   Code   RO          427    .text.prvGetExpectedIdleTime  tasks.o
    0x00001720   0x00001720   0x00000040   Code   RO          497    .text.prvGetNextExpireTime  timers.o
    0x00001760   0x00001760   0x0000009a   Code   RO          333    .text.prvIdleTask   tasks.o
    0x000017fa   0x000017fa   0x00000002   PAD
    0x000017fc   0x000017fc   0x0000004e   Code   RO          208    .text.prvInitialiseNewQueue  queue.o
    0x0000184a   0x0000184a   0x00000002   PAD
    0x0000184c   0x0000184c   0x00000146   Code   RO          293    .text.prvInitialiseNewTask  tasks.o
    0x00001992   0x00001992   0x00000002   PAD
    0x00001994   0x00001994   0x0000008e   Code   RO          423    .text.prvInitialiseTaskLists  tasks.o
    0x00001a22   0x00001a22   0x00000002   PAD
    0x00001a24   0x00001a24   0x00000086   Code   RO          511    .text.prvInsertTimerInActiveList  timers.o
    0x00001aaa   0x00001aaa   0x00000002   PAD
    0x00001aac   0x00001aac   0x00000028   Code   RO          244    .text.prvIsQueueEmpty  queue.o
    0x00001ad4   0x00001ad4   0x0000002e   Code   RO          232    .text.prvIsQueueFull  queue.o
    0x00001b02   0x00001b02   0x00000002   PAD
    0x00001b04   0x00001b04   0x000000d8   Code   RO          230    .text.prvNotifyQueueSetContainer  queue.o
    0x00001bdc   0x00001bdc   0x00000028   Code   RO          157    .text.prvPortStartFirstTask  port.o
    0x00001c04   0x00001c04   0x00000054   Code   RO          505    .text.prvProcessExpiredTimer  timers.o
    0x00001c58   0x00001c58   0x00000180   Code   RO          501    .text.prvProcessReceivedCommands  timers.o
    0x00001dd8   0x00001dd8   0x0000009a   Code   RO          499    .text.prvProcessTimerOrBlockTask  timers.o
    0x00001e72   0x00001e72   0x00000002   PAD
    0x00001e74   0x00001e74   0x00000034   Code   RO          509    .text.prvReloadTimer  timers.o
    0x00001ea8   0x00001ea8   0x0000003c   Code   RO          299    .text.prvResetNextTaskUnblockTime  tasks.o
    0x00001ee4   0x00001ee4   0x00000044   Code   RO          503    .text.prvSampleTimeNow  timers.o
    0x00001f28   0x00001f28   0x00000052   Code   RO          507    .text.prvSwitchTimerLists  timers.o
    0x00001f7a   0x00001f7a   0x00000002   PAD
    0x00001f7c   0x00001f7c   0x0000004c   Code   RO          147    .text.prvTaskExitError  port.o
    0x00001fc8   0x00001fc8   0x0000001e   Code   RO          463    .text.prvTimerTask  timers.o
    0x00001fe6   0x00001fe6   0x00000002   PAD
    0x00001fe8   0x00001fe8   0x000000cc   Code   RO          234    .text.prvUnlockQueue  queue.o
    0x000020b4   0x000020b4   0x000000c0   Code   RO          186    .text.pvPortMalloc  heap_1.o
    0x00002174   0x00002174   0x0000005e   Code   RO          145    .text.pxPortInitialiseStack  port.o
    0x000021d2   0x000021d2   0x00000002   PAD
    0x000021d4   0x000021d4   0x00000048   Code   RO          136    .text.uxListRemove  list.o
    0x0000221c   0x0000221c   0x0000002e   Code   RO          128    .text.vListInitialise  list.o
    0x0000224a   0x0000224a   0x00000002   PAD
    0x0000224c   0x0000224c   0x0000000e   Code   RO          130    .text.vListInitialiseItem  list.o
    0x0000225a   0x0000225a   0x00000002   PAD
    0x0000225c   0x0000225c   0x0000006a   Code   RO          134    .text.vListInsert   list.o
    0x000022c6   0x000022c6   0x00000002   PAD
    0x000022c8   0x000022c8   0x00000014   Code   RO          155    .text.vPortEnableVFP  port.o
    0x000022dc   0x000022dc   0x00000056   Code   RO          161    .text.vPortEnterCritical  port.o
    0x00002332   0x00002332   0x00000002   PAD
    0x00002334   0x00002334   0x0000004a   Code   RO          163    .text.vPortExitCritical  port.o
    0x0000237e   0x0000237e   0x00000002   PAD
    0x00002380   0x00002380   0x00000024   Code   RO          188    .text.vPortFree     heap_1.o
    0x000023a4   0x000023a4   0x00000078   Code   RO          153    .text.vPortSetupTimerInterrupt  port.o
    0x0000241c   0x0000241c   0x0000020c   Code   RO          169    .text.vPortSuppressTicksAndSleep  port.o
    0x00002628   0x00002628   0x00000064   Code   RO          272    .text.vQueueWaitForMessageRestricted  queue.o
    0x0000268c   0x0000268c   0x0000006e   Code   RO          311    .text.vTaskDelay    tasks.o
    0x000026fa   0x000026fa   0x00000002   PAD
    0x000026fc   0x000026fc   0x00000024   Code   RO          375    .text.vTaskInternalSetTimeOutState  tasks.o
    0x00002720   0x00002720   0x0000000e   Code   RO          379    .text.vTaskMissedYield  tasks.o
    0x0000272e   0x0000272e   0x00000002   PAD
    0x00002730   0x00002730   0x00000042   Code   RO          363    .text.vTaskPlaceOnEventList  tasks.o
    0x00002772   0x00002772   0x00000002   PAD
    0x00002774   0x00002774   0x0000007c   Code   RO          367    .text.vTaskPlaceOnEventListRestricted  tasks.o
    0x000027f0   0x000027f0   0x000000ba   Code   RO          331    .text.vTaskStartScheduler  tasks.o
    0x000028aa   0x000028aa   0x00000002   PAD
    0x000028ac   0x000028ac   0x0000004c   Code   RO          357    .text.vTaskStepTick  tasks.o
    0x000028f8   0x000028f8   0x00000010   Code   RO          305    .text.vTaskSuspendAll  tasks.o
    0x00002908   0x00002908   0x000000be   Code   RO          323    .text.vTaskSwitchContext  tasks.o
    0x000029c6   0x000029c6   0x00000002   PAD
    0x000029c8   0x000029c8   0x00000156   Code   RO          151    .text.xPortStartScheduler  port.o
    0x00002b1e   0x00002b1e   0x00000002   PAD
    0x00002b20   0x00002b20   0x0000009a   Code   RO          206    .text.xQueueGenericCreate  queue.o
    0x00002bba   0x00002bba   0x00000002   PAD
    0x00002bbc   0x00002bbc   0x00000108   Code   RO          204    .text.xQueueGenericReset  queue.o
    0x00002cc4   0x00002cc4   0x00000274   Code   RO          220    .text.xQueueGenericSend  queue.o
    0x00002f38   0x00002f38   0x000001dc   Code   RO          240    .text.xQueueReceive  queue.o
    0x00003114   0x00003114   0x000000fc   Code   RO          377    .text.xTaskCheckForTimeOut  tasks.o
    0x00003210   0x00003210   0x00000098   Code   RO          291    .text.xTaskCreate   tasks.o
    0x000032a8   0x000032a8   0x00000038   Code   RO          397    .text.xTaskGetSchedulerState  tasks.o
    0x000032e0   0x000032e0   0x00000014   Code   RO          339    .text.xTaskGetTickCount  tasks.o
    0x000032f4   0x000032f4   0x00000260   Code   RO          337    .text.xTaskIncrementTick  tasks.o
    0x00003554   0x00003554   0x00000138   Code   RO          401    .text.xTaskPriorityDisinherit  tasks.o
    0x0000368c   0x0000368c   0x00000192   Code   RO          369    .text.xTaskRemoveFromEventList  tasks.o
    0x0000381e   0x0000381e   0x00000002   PAD
    0x00003820   0x00003820   0x00000222   Code   RO          309    .text.xTaskResumeAll  tasks.o
    0x00003a42   0x00003a42   0x00000002   PAD
    0x00003a44   0x00003a44   0x0000006c   Code   RO          459    .text.xTimerCreateTimerTask  timers.o
    0x00003ab0   0x00003ab0   0x0000005e   Code   RO          539    x$fpl$dfix          fz_wm.l(dfix.o)
    0x00003b0e   0x00003b0e   0x0000002e   Code   RO          544    x$fpl$dflt          fz_wm.l(dflt_clz.o)
    0x00003b3c   0x00003b3c   0x00000154   Code   RO          549    x$fpl$dmul          fz_wm.l(dmul.o)
    0x00003c90   0x00003c90   0x0000009c   Code   RO          556    x$fpl$dnaninf       fz_wm.l(dnaninf.o)
    0x00003d2c   0x00003d2c   0x0000000c   Code   RO          558    x$fpl$dretinf       fz_wm.l(dretinf.o)
    0x00003d38   0x00003d38   0x0000001a   Code   RO          645    x$fpl$fpinit        fz_wm.l(fpinit.o)
    0x00003d52   0x00003d52   0x00000000   Code   RO          560    x$fpl$usenofp       fz_wm.l(usenofp.o)
    0x00003d52   0x00003d52   0x00000053   Data   RO           17    .rodata.str1.1      main.o
    0x00003da5   0x00003da5   0x00000005   Data   RO          445    .rodata.str1.1      tasks.o
    0x00003daa   0x00003daa   0x00000008   Data   RO          514    .rodata.str1.1      timers.o
    0x00003db2   0x00003db2   0x00000002   PAD
    0x00003db4   0x00003db4   0x00000004   Data   RO          430    .rodata.uxTopUsedPriority  tasks.o
    0x00003db8   0x00003db8   0x00000020   Data   RO          720    Region$$Table       anon$$obj.o


    Execution Region ER_RW (Exec base: 0x20000000, Load base: 0x00003dd8, Size: 0x00000010, Max: 0xffffffff, ABSOLUTE)

    Exec Addr    Load Addr    Size         Type   Attr      Idx    E Section Name        Object

    0x20000000   0x00003dd8   0x00000004   Data   RW           13    .data.AlarmValue    main.o
    0x20000004   0x00003ddc   0x00000004   Data   RW          119    .data.SystemCoreClock  system_tm4c123.o
    0x20000008   0x00003de0   0x00000004   Data   RW           12    .data.setpoint      main.o
    0x2000000c   0x00003de4   0x00000004   Data   RW          175    .data.uxCriticalNesting  port.o


    Execution Region ER_ZI (Exec base: 0x20000010, Load base: 0x00003de8, Size: 0x000023d0, Max: 0xffffffff, ABSOLUTE)

    Exec Addr    Load Addr    Size         Type   Attr      Idx    E Section Name        Object

    0x20000010        -       0x00000060   Zero   RW          587    .bss                c_w.l(libspace.o)
    0x20000070        -       0x00000004   Zero   RW           19    .bss.actual_temp    main.o
    0x20000074        -       0x00000004   Zero   RW          518    .bss.prvSampleTimeNow.xLastTime  timers.o
    0x20000078        -       0x00000004   Zero   RW          194    .bss.pvPortMalloc.pucAlignedHeap  heap_1.o
    0x2000007c        -       0x00000004   Zero   RW          429    .bss.pxCurrentTCB   tasks.o
    0x20000080        -       0x00000004   Zero   RW          516    .bss.pxCurrentTimerList  timers.o
    0x20000084        -       0x00000004   Zero   RW          440    .bss.pxDelayedTaskList  tasks.o
    0x20000088        -       0x00000004   Zero   RW          441    .bss.pxOverflowDelayedTaskList  tasks.o
    0x2000008c        -       0x00000004   Zero   RW          517    .bss.pxOverflowTimerList  timers.o
    0x20000090        -       0x00000064   Zero   RW          431    .bss.pxReadyTasksLists  tasks.o
    0x200000f4        -       0x00000001   Zero   RW           18    .bss.state          main.o
    0x200000f5        -       0x00002000   Zero   RW          195    .bss.ucHeap         heap_1.o
    0x200020f5        -       0x00000001   Zero   RW          173    .bss.ucMaxSysCallPriority  port.o
    0x200020f6   0x00003de8   0x00000002   PAD
    0x200020f8        -       0x00000004   Zero   RW          174    .bss.ulMaxPRIGROUPValue  port.o
    0x200020fc        -       0x00000004   Zero   RW          178    .bss.ulStoppedTimerCompensation  port.o
    0x20002100        -       0x00000004   Zero   RW          177    .bss.ulTimerCountsForOneTick  port.o
    0x20002104        -       0x00000004   Zero   RW          436    .bss.uxCurrentNumberOfTasks  tasks.o
    0x20002108        -       0x00000004   Zero   RW          435    .bss.uxDeletedTasksWaitingCleanUp  tasks.o
    0x2000210c        -       0x00000004   Zero   RW          438    .bss.uxSchedulerSuspended  tasks.o
    0x20002110        -       0x00000004   Zero   RW          433    .bss.uxTaskNumber   tasks.o
    0x20002114        -       0x00000004   Zero   RW          432    .bss.uxTopReadyPriority  tasks.o
    0x20002118        -       0x00000014   Zero   RW          519    .bss.xActiveTimerList1  timers.o
    0x2000212c        -       0x00000014   Zero   RW          520    .bss.xActiveTimerList2  timers.o
    0x20002140        -       0x00000004   Zero   RW           16    .bss.xBuzzQueue     main.o
    0x20002144        -       0x00000014   Zero   RW          450    .bss.xDelayedTaskList1  tasks.o
    0x20002158        -       0x00000014   Zero   RW          451    .bss.xDelayedTaskList2  tasks.o
    0x2000216c        -       0x00000004   Zero   RW          446    .bss.xIdleTaskHandle  tasks.o
    0x20002170        -       0x00000004   Zero   RW           15    .bss.xLCDQueue      main.o
    0x20002174        -       0x00000004   Zero   RW          176    .bss.xMaximumPossibleSuppressedTicks  port.o
    0x20002178        -       0x00000004   Zero   RW          196    .bss.xNextFreeByte  heap_1.o
    0x2000217c        -       0x00000004   Zero   RW          447    .bss.xNextTaskUnblockTime  tasks.o
    0x20002180        -       0x00000004   Zero   RW          449    .bss.xNumOfOverflows  tasks.o
    0x20002184        -       0x00000004   Zero   RW          448    .bss.xPendedTicks   tasks.o
    0x20002188        -       0x00000014   Zero   RW          444    .bss.xPendingReadyList  tasks.o
    0x2000219c        -       0x00000004   Zero   RW          437    .bss.xSchedulerRunning  tasks.o
    0x200021a0        -       0x00000014   Zero   RW          442    .bss.xSuspendedTaskList  tasks.o
    0x200021b4        -       0x00000014   Zero   RW          434    .bss.xTasksWaitingTermination  tasks.o
    0x200021c8        -       0x00000004   Zero   RW          439    .bss.xTickCount     tasks.o
    0x200021cc        -       0x00000004   Zero   RW          513    .bss.xTimerQueue    timers.o
    0x200021d0        -       0x00000004   Zero   RW          515    .bss.xTimerTaskHandle  timers.o
    0x200021d4        -       0x00000004   Zero   RW           14    .bss.xUARTQueue     main.o
    0x200021d8        -       0x00000004   Zero   RW          443    .bss.xYieldPending  tasks.o
    0x200021dc   0x00003de8   0x00000004   PAD
    0x200021e0        -       0x00000000   Zero   RW          104    HEAP                startup_tm4c123.o
    0x200021e0        -       0x00000200   Zero   RW          103    STACK               startup_tm4c123.o


==============================================================================

Image component sizes


      Code (inc. data)   RO Data    RW Data    ZI Data      Debug   Object Name

       302         16          0          0          0        716   adc.o
        50          0          0          0          0        447   gpio.o
       228          0          0          0       8200       1743   heap_1.o
       792          4          0          0          0       2231   lcdd.o
        72          0          0          0          0        691   ledandbuzzer.o
       238          0          0          0          0       2299   list.o
       676          0         83          8         17       1894   main.o
      1572         16          0          4         17       4841   port.o
      2476          0          0          0          0      16951   queue.o
       276         24        620          0        512       5448   startup_tm4c123.o
       268          0          0          4          0       6711   system_tm4c123.o
      4844          0          9          0        260      27153   tasks.o
      1266         10          8          0         60       9428   timers.o
       612          0          0          0          0       1708   uart.o

    ----------------------------------------------------------------------
     13788         82        754         16       9072      82261   Object Totals
         0          0         32          0          0          0   (incl. Generated)
       116         12          2          0          6          0   (incl. Padding)

    ----------------------------------------------------------------------

      Code (inc. data)   RO Data    RW Data    ZI Data      Debug   Library Member Name

         8          0          0          0          0         68   __main.o
         0          0          0          0          0          0   __rtentry.o
        12          0          0          0          0          0   __rtentry2.o
         6          0          0          0          0          0   __rtentry4.o
        52          8          0          0          0          0   __scatter.o
        26          0          0          0          0          0   __scatter_copy.o
        28          0          0          0          0          0   __scatter_zi.o
        16          0          0          0          0         68   aeabi_memset4.o
        18          0          0          0          0         80   exit.o
         6          0          0          0          0        152   heapauxi.o
         0          0          0          0          0          0   indicate_semi.o
         2          0          0          0          0          0   libinit.o
         6          0          0          0          0          0   libinit2.o
         2          0          0          0          0          0   libshutdown.o
         2          0          0          0          0          0   libshutdown2.o
         8          4          0          0         96         68   libspace.o
        78          0          0          0          0         80   rt_memclr_w.o
       138          0          0          0          0         68   rt_memcpy_v6.o
       100          0          0          0          0         80   rt_memcpy_w.o
         2          0          0          0          0          0   rtexit.o
        10          0          0          0          0          0   rtexit2.o
        12          4          0          0          0         68   sys_exit.o
        74          0          0          0          0         80   sys_stackheap_outer.o
         2          0          0          0          0         68   use_no_semi.o
        94          4          0          0          0        140   dfix.o
        46          0          0          0          0        116   dflt_clz.o
       340         12          0          0          0        152   dmul.o
       156          4          0          0          0        140   dnaninf.o
        12          0          0          0          0        116   dretinf.o
        26          0          0          0          0        116   fpinit.o
         0          0          0          0          0          0   usenofp.o

    ----------------------------------------------------------------------
      1290         36          0          0         96       1660   Library Totals
         8          0          0          0          0          0   (incl. Padding)

    ----------------------------------------------------------------------

      Code (inc. data)   RO Data    RW Data    ZI Data      Debug   Library Name

       608         16          0          0         96        880   c_w.l
       674         20          0          0          0        780   fz_wm.l

    ----------------------------------------------------------------------
      1290         36          0          0         96       1660   Library Totals

    ----------------------------------------------------------------------

==============================================================================


      Code (inc. data)   RO Data    RW Data    ZI Data      Debug   

     15078        118        754         16       9168      82817   Grand Totals
     15078        118        754         16       9168      82817   ELF Image Totals
     15078        118        754         16          0          0   ROM Totals

==============================================================================

    Total RO  Size (Code + RO Data)                15832 (  15.46kB)
    Total RW  Size (RW Data + ZI Data)              9184 (   8.97kB)
    Total ROM Size (Code + RO Data + RW Data)      15848 (  15.48kB)

==============================================================================

